******************************************************************************
                  TI ARM Linker Unix v20.2.2                   
******************************************************************************
>> Linked Thu Feb 18 14:06:45 2021

OUTPUT FILE NAME:   <display_CC1352R1_LAUNCHXL_tirtos_ccs.out>
ENTRY POINT SYMBOL: "ResetISR"  address: 00004f49


MEMORY CONFIGURATION

         name            origin    length      used     unused   attr    fill
----------------------  --------  ---------  --------  --------  ----  --------
  FLASH                 00000000   00058000  00007cb0  00050350  R  X
  GPRAM                 11000000   00002000  00000000  00002000  RW X
  SRAM                  20000000   00014000  000062f4  0000dd0c  RW X
  LOG_DATA              90000000   00040000  00000000  00040000  R   


SEGMENT ALLOCATION MAP

run origin  load origin   length   init length attrs members
----------  ----------- ---------- ----------- ----- -------
00000000    00000000    00007c58   00007c58    r-x
  00000000    00000000    0000003c   0000003c    r-- .resetVecs
  0000003c    0000003c    00006c60   00006c60    r-x .text
  00006c9c    00006c9c    00000d54   00000d54    r-- .const
  000079f0    000079f0    00000268   00000268    r-- .cinit
00057fa8    00057fa8    00000058   00000058    r--
  00057fa8    00057fa8    00000058   00000058    r-- .ccfg
20000100    20000100    000005df   00000000    rw-
  20000100    20000100    00000004   00000000    rw- .data:xdcRomConstPtr
  20000104    20000104    00000004   00000000    rw- .data:xdcRomExternFuncPtr
  20000108    20000108    00000004   00000000    rw- .data:xdcRomStatePtr
  20000110    20000110    000005cf   00000000    rw- .data
20001830    20001830    00000010   00000000    rw-
  20001830    20001830    00000010   00000000    rw- .TI.bound:dmaSpi0RxControlTableEntry
20001840    20001840    00000010   00000000    rw-
  20001840    20001840    00000010   00000000    rw- .TI.bound:dmaSpi0TxControlTableEntry
20001900    20001900    00000010   00000000    rw-
  20001900    20001900    00000010   00000000    rw- .TI.bound:dmaSpi1RxControlTableEntry
20001910    20001910    00000010   00000000    rw-
  20001910    20001910    00000010   00000000    rw- .TI.bound:dmaSpi1TxControlTableEntry
20001a30    20001a30    00000010   00000000    rw-
  20001a30    20001a30    00000010   00000000    rw- .TI.bound:dmaSpi0RxAltControlTableEntry
20001a40    20001a40    00000010   00000000    rw-
  20001a40    20001a40    00000010   00000000    rw- .TI.bound:dmaSpi0TxAltControlTableEntry
20001b00    20001b00    00000010   00000000    rw-
  20001b00    20001b00    00000010   00000000    rw- .TI.bound:dmaSpi1RxAltControlTableEntry
20001b10    20001b10    00000010   00000000    rw-
  20001b10    20001b10    00000010   00000000    rw- .TI.bound:dmaSpi1TxAltControlTableEntry
20001b20    20001b20    00004000   00000000    r--
  20001b20    20001b20    00004000   00000000    r-- .priheap
20005b20    20005b20    000017c1   00000000    rw-
  20005b20    20005b20    000017c1   00000000    rw- .bss
20013c00    20013c00    00000400   00000000    rw-
  20013c00    20013c00    00000400   00000000    rw- .stack


SECTION ALLOCATION MAP

 output                                  attributes/
section   page    origin      length       input sections
--------  ----  ----------  ----------   ----------------
.binit     0    00000000    00000000     

.cinit     0    000079f0    00000268     
                  000079f0    00000194     (.cinit..data.load) [load image, compression = lzss]
                  00007b84    0000000c     (__TI_handler_table)
                  00007b90    00000008     (.cinit..TI.bound:dmaSpi0RxAltControlTableEntry.load) [load image, compression = zero_init]
                  00007b98    00000008     (.cinit..TI.bound:dmaSpi0RxControlTableEntry.load) [load image, compression = zero_init]
                  00007ba0    00000008     (.cinit..TI.bound:dmaSpi0TxAltControlTableEntry.load) [load image, compression = zero_init]
                  00007ba8    00000008     (.cinit..TI.bound:dmaSpi0TxControlTableEntry.load) [load image, compression = zero_init]
                  00007bb0    00000008     (.cinit..TI.bound:dmaSpi1RxAltControlTableEntry.load) [load image, compression = zero_init]
                  00007bb8    00000008     (.cinit..TI.bound:dmaSpi1RxControlTableEntry.load) [load image, compression = zero_init]
                  00007bc0    00000008     (.cinit..TI.bound:dmaSpi1TxAltControlTableEntry.load) [load image, compression = zero_init]
                  00007bc8    00000008     (.cinit..TI.bound:dmaSpi1TxControlTableEntry.load) [load image, compression = zero_init]
                  00007bd0    00000008     (.cinit..bss.load) [load image, compression = zero_init]
                  00007bd8    00000008     (.cinit..data:xdcRomConstPtr.load) [load image, compression = lzss]
                  00007be0    00000008     (.cinit..data:xdcRomExternFuncPtr.load) [load image, compression = lzss]
                  00007be8    00000008     (.cinit..data:xdcRomStatePtr.load) [load image, compression = lzss]
                  00007bf0    00000068     (__TI_cinit_table)

.init_array 
*          0    00000000    00000000     UNINITIALIZED

.ccfg      0    00057fa8    00000058     
                  00057fa8    00000058     ti_devices_config.obj (.ccfg:retain)

.data      0    20000110    000005cf     UNINITIALIZED
                  20000110    00000170     drivers_cc13x2.a : PowerCC26X2.oem4f (.data:PowerCC26X2_module)
                  20000280    0000010c     release_pem4f.oem4f (.data:ROM_stateStruct)
                  2000038c    00000088     rom_sysbios.aem4f : rom_sysbios.obj (.data:$O1$$)
                  20000414    00000054     release_pem4f.oem4f (.data:ti_sysbios_gates_GateMutex_Object__table__V)
                  20000468    0000004c     release_pem4f.oem4f (.data:ti_sysbios_knl_Task_Object__table__V)
                  200004b4    00000004     drivers_cc13x2.a : GPIOCC26XX.oem4f (.data:gpioPinTable)
                  200004b8    00000048     release_pem4f.oem4f (.data:ti_sysbios_family_arm_cc26xx_Timer_Object__table__V)
                  20000500    00000030     release_pem4f.oem4f (.data:ti_sysbios_knl_Swi_Module_State_0_readyQ__A)
                  20000530    00000030     release_pem4f.oem4f (.data:ti_sysbios_knl_Swi_Object__table__V)
                  20000560    00000030     release_pem4f.oem4f (.data:ti_sysbios_knl_Task_Module_State_0_readyQ__A)
                  20000590    00000024     driverlib.lib : osc.obj (.data:$O1$$)
                  200005b4    00000020     release_pem4f.oem4f (.data:ti_sysbios_knl_Clock_Object__table__V)
                  200005d4    00000020     release_pem4f.oem4f (.data:xdc_runtime_Error_IgnoreBlock)
                  200005f4    00000018     release_pem4f.oem4f (.data:ti_sysbios_family_arm_m3_Hwi_Object__table__V)
                  2000060c    00000018     release_pem4f.oem4f (.data:ti_sysbios_heaps_HeapMem_Object__table__V)
                  20000624    00000010     ti_drivers_config.obj (.data:gpioCallbackFunctions)
                  20000634    00000010     ti_drivers_config.obj (.data:gpioPinConfigs)
                  20000644    00000008     rtsv7M4_T_le_v4SPD16_eabi.lib : _lock.c.obj (.data:$O1$$)
                  2000064c    00000008     drivers_cc13x2.a : PINCC26XX.oem4f (.data)
                  20000654    00000008     splash_image.obj (.data:imgPalette)
                  2000065c    00000008     release_pem4f.oem4f (.data:ti_sysbios_family_arm_m3_Hwi_Module__root__V)
                  20000664    00000008     release_pem4f.oem4f (.data:ti_sysbios_gates_GateHwi_Module__root__V)
                  2000066c    00000008     release_pem4f.oem4f (.data:ti_sysbios_gates_GateMutex_Module__root__V)
                  20000674    00000008     release_pem4f.oem4f (.data:ti_sysbios_hal_Hwi_Module__root__V)
                  2000067c    00000008     release_pem4f.oem4f (.data:ti_sysbios_heaps_HeapMem_Module__root__V)
                  20000684    00000008     release_pem4f.oem4f (.data:ti_sysbios_knl_Clock_Module__root__V)
                  2000068c    00000008     release_pem4f.oem4f (.data:ti_sysbios_knl_Event_Module__root__V)
                  20000694    00000008     release_pem4f.oem4f (.data:ti_sysbios_knl_Mailbox_Module__root__V)
                  2000069c    00000008     release_pem4f.oem4f (.data:ti_sysbios_knl_Queue_Module__root__V)
                  200006a4    00000008     release_pem4f.oem4f (.data:ti_sysbios_knl_Semaphore_Module__root__V)
                  200006ac    00000008     release_pem4f.oem4f (.data:ti_sysbios_knl_Swi_Module__root__V)
                  200006b4    00000008     release_pem4f.oem4f (.data:ti_sysbios_knl_Task_Module__root__V)
                  200006bc    00000008     release_pem4f.oem4f (.data:xdc_runtime_System_Module_State_0_atexitHandlers__A)
                  200006c4    00000005     drivers_cc13x2.a : GPIOCC26XX.oem4f (.data)
                  200006c9    00000002     display.a : SharpGrLib.oem4f (.data)
                  200006cb    00000001     drivers_cc13x2.a : SPI.oem4f (.data)
                  200006cc    00000004     rtsv7M4_T_le_v4SPD16_eabi.lib : stkdepth_vars.c.obj (.data)
                  200006d0    00000004     release_pem4f.oem4f (.data:ti_sysbios_family_arm_m3_Hwi_Module_State_0_excContext__A)
                  200006d4    00000004     release_pem4f.oem4f (.data:ti_sysbios_family_arm_m3_Hwi_Module_State_0_excStack__A)
                  200006d8    00000004     release_pem4f.oem4f (.data:ti_sysbios_knl_Task_Module_State_0_idleTask__A)
                  200006dc    00000002     release_pem4f.oem4f (.data:ti_sysbios_family_arm_m3_Hwi_Module_State_0_excActive__A)
                  200006de    00000001     drivers_cc13x2.a : UART.oem4f (.data)

.bss       0    20005b20    000017c1     UNINITIALIZED
                  20005b20    00000800     ti_drivers_config.obj (.bss:displayLCDBuffer)
                  20006320    00000400     ti_drivers_config.obj (.bss:displayUARTBuffer)
                  20006720    00000400     grlib.a : image.obj (.bss:g_pulConvertedPalette)
                  20006b20    00000200     release_pem4f.oem4f (.bss:taskStackSection)
                  20006d20    000001b4     (.common:uartCC26XXObjects)
                  20006ed4    00000108     (.common:spiCC26X2DMAObjects)
                  20006fdc    000000d8     (.common:ti_sysbios_family_arm_m3_Hwi_dispatchTable)
                  200070b4    0000007c     (.common:pinHandleTable)
                  20007130    00000050     drivers_cc13x2.a : PINCC26XX.oem4f (.bss:pinSemaphore)
                  20007180    00000044     (.common:displayLcdObject)
                  200071c4    00000034                      : PINCC26XX.oem4f (.bss:pinSwi)
                  200071f8    00000020                      : GPIOCC26XX.oem4f (.bss:gpioCallbackInfo)
                  20007218    00000020                      : PINCC26XX.oem4f (.bss:pinGpioConfigTable)
                  20007238    00000020     ti_drivers_config.obj (.bss:uartCC26XXRingBuffer0)
                  20007258    00000020     (.common:udmaCC26XXObject)
                  20007278    0000001c     drivers_cc13x2.a : PINCC26XX.oem4f (.bss:pinHwi)
                  20007294    00000018     display.a : SharpGrLib.oem4f (.bss:spiTrans)
                  200072ac    0000000c     drivers_cc13x2.a : GPIOCC26XX.oem4f (.bss:gpioPinState)
                  200072b8    0000000c     (.common:displayUartObject)
                  200072c4    00000008     display.a : SharpGrLib.oem4f (.bss)
                  200072cc    00000008     drivers_cc13x2.a : GPIOCC26XX.oem4f (.bss)
                  200072d4    00000004                      : PINCC26XX.oem4f (.bss)
                  200072d8    00000004     (.common:PowerCC26XX_swiKey)
                  200072dc    00000004     (.common:PowerCC26XX_taskKey)
                  200072e0    00000001     (.common:driverlib_release_0_59848)

.stack     0    20013c00    00000400     UNINITIALIZED
                  20013c00    00000400     --HOLE--

.priheap   0    20001b20    00004000     UNINITIALIZED
                  20001b20    00004000     --HOLE--

.log_data 
*          0    90000000    00000000     COPY SECTION

.data:xdcRomConstPtr 
*          0    20000100    00000004     UNINITIALIZED
                  20000100    00000004     release_pem4f.oem4f (.data:xdcRomConstPtr)

.data:xdcRomExternFuncPtr 
*          0    20000104    00000004     UNINITIALIZED
                  20000104    00000004     release_pem4f.oem4f (.data:xdcRomExternFuncPtr)

.data:xdcRomStatePtr 
*          0    20000108    00000004     UNINITIALIZED
                  20000108    00000004     release_pem4f.oem4f (.data:xdcRomStatePtr)

.bootVecs 
*          0    00000000    00000008     DSECT
                  00000000    00000008     boot.aem4f : boot.oem4f (.bootVecs)

.resetVecs 
*          0    00000000    0000003c     
                  00000000    0000003c     release_pem4f.oem4f (.resetVecs)

.vecs      0    20000000    000000d8     NOLOAD SECTION
                  20000000    000000d8     release_pem4f.oem4f (.vecs)

xdc.meta   0    00000000    00000110     COPY SECTION
                  00000000    00000110     release_pem4f.oem4f (xdc.meta)

xdc.noload 
*          0    00000000    00000000     COPY SECTION

__llvm_prf_cnts 
*          0    20000000    00000000     UNINITIALIZED

.TI.bound:dmaSpi0RxControlTableEntry 
*          0    20001830    00000010     UNINITIALIZED
                  20001830    00000010     drivers_cc13x2.a : SPICC26X2DMA.oem4f (.TI.bound:dmaSpi0RxControlTableEntry)

.TI.bound:dmaSpi0TxControlTableEntry 
*          0    20001840    00000010     UNINITIALIZED
                  20001840    00000010     drivers_cc13x2.a : SPICC26X2DMA.oem4f (.TI.bound:dmaSpi0TxControlTableEntry)

.TI.bound:dmaSpi1RxControlTableEntry 
*          0    20001900    00000010     UNINITIALIZED
                  20001900    00000010     drivers_cc13x2.a : SPICC26X2DMA.oem4f (.TI.bound:dmaSpi1RxControlTableEntry)

.TI.bound:dmaSpi1TxControlTableEntry 
*          0    20001910    00000010     UNINITIALIZED
                  20001910    00000010     drivers_cc13x2.a : SPICC26X2DMA.oem4f (.TI.bound:dmaSpi1TxControlTableEntry)

.TI.bound:dmaSpi0RxAltControlTableEntry 
*          0    20001a30    00000010     UNINITIALIZED
                  20001a30    00000010     drivers_cc13x2.a : SPICC26X2DMA.oem4f (.TI.bound:dmaSpi0RxAltControlTableEntry)

.TI.bound:dmaSpi0TxAltControlTableEntry 
*          0    20001a40    00000010     UNINITIALIZED
                  20001a40    00000010     drivers_cc13x2.a : SPICC26X2DMA.oem4f (.TI.bound:dmaSpi0TxAltControlTableEntry)

.TI.bound:dmaSpi1RxAltControlTableEntry 
*          0    20001b00    00000010     UNINITIALIZED
                  20001b00    00000010     drivers_cc13x2.a : SPICC26X2DMA.oem4f (.TI.bound:dmaSpi1RxAltControlTableEntry)

.TI.bound:dmaSpi1TxAltControlTableEntry 
*          0    20001b10    00000010     UNINITIALIZED
                  20001b10    00000010     drivers_cc13x2.a : SPICC26X2DMA.oem4f (.TI.bound:dmaSpi1TxAltControlTableEntry)

.text      0    0000003c    00006c60     
                  0000003c    0000047e     grlib.a : string.obj (.text:Graphics_drawString)
                  000004ba    00000390             : image.obj (.text:Graphics_drawImage)
                  0000084a    00000002     ti_drivers_config.obj (.text:Board_initHook)
                  0000084c    000002f4     drivers_cc13x2.a : SPICC26X2DMA.oem4f (.text:SPICC26X2DMA_transfer)
                  00000b40    000002bc     display.obj (.text:mainThread)
                  00000dfc    00000234     drivers_cc13x2.a : SPICC26X2DMA.oem4f (.text:SPICC26X2DMA_hwiFxn)
                  00001030    000001e0                      : PINCC26XX.oem4f (.text:PIN_init)
                  00001210    000001b6     rtsv7M4_T_le_v4SPD16_eabi.lib : fd_add_t2.asm.obj (.text)
                  000013c6    00000002     display.a : DisplaySharp.oem4f (.text:DisplaySharp_init)
                  000013c8    00000198     drivers_cc13x2.a : PowerCC26X2.oem4f (.text:Power_sleep)
                  00001560    00000190                      : PowerCC26X2_calibrateRCOSC.oem4f (.text:calibrateRcoscHf1)
                  000016f0    0000018c                      : PowerCC26X2_calibrateRCOSC.oem4f (.text:runCalibrateFsm)
                  0000187c    00000188     release_pem4f.oem4f (.text:xdc_runtime_System_printfExtend__I)
                  00001a04    00000178     drivers_cc13x2.a : SPICC26X2DMA.oem4f (.text:SPICC26X2DMA_transferCancel)
                  00001b7c    00000174                      : PowerCC26X2.oem4f (.text:Power_init)
                  00001cf0    00000174                      : SPICC26X2DMA.oem4f (.text:configNextTransfer)
                  00001e64    00000164                      : UARTCC26XX.oem4f (.text:UARTCC26XX_open)
                  00001fc8    00000154                      : UARTCC26XX.oem4f (.text:UARTCC26XX_hwiIntFxn)
                  0000211c    00000150                      : SPICC26X2DMA.oem4f (.text:SPICC26X2DMA_open)
                  0000226c    00000140                      : SPICC26X2DMA.oem4f (.text:initIO)
                  000023ac    0000013a                      : UARTCC26XX.oem4f (.text:UARTCC26XX_read)
                  000024e6    00000002     display.a : DisplayUart.oem4f (.text:DisplayUartAnsi_init)
                  000024e8    00000120     drivers_cc13x2.a : PowerCC26X2.oem4f (.text:configureXOSCHF)
                  00002608    00000114                      : PINCC26XX.oem4f (.text:PINCC26XX_setIoCfg)
                  0000271c    00000112     grlib.a : rectangle.obj (.text:Graphics_fillRectangle)
                  0000282e    00000002     rtsv7M4_T_le_v4SPD16_eabi.lib : _lock.c.obj (.text:_nop)
                  00002830    00000110     drivers_cc13x2.a : GPIOCC26XX.oem4f (.text:GPIO_setConfig)
                  00002940    000000fc     rtsv7M4_T_le_v4SPD16_eabi.lib : fd_mul_t2.asm.obj (.text)
                  00002a3c    000000f4     drivers_cc13x2.a : SPICC26X2DMA.oem4f (.text:SPICC26X2DMA_control)
                  00002b30    000000f0     display.a : DisplaySharp.oem4f (.text:DisplaySharp_open)
                  00002c20    000000f0     driverlib.lib : sys_ctrl.obj (.text:NOROM_SysCtrlStandby)
                  00002d10    000000ec     rom_sysbios.aem4f : rom_sysbios.obj (.text:pthread_create)
                  00002dfc    000000e6     display.a : SharpGrLib.oem4f (.text:SharpGrLib_rectFill)
                  00002ee2    00000002     drivers_cc13x2.a : PowerCC26X2.oem4f (.text:emptyClockFunc)
                  00002ee4    000000e4     display.a : SharpGrLib.oem4f (.text:SharpGrLib_flush)
                  00002fc8    000000e0     drivers_cc13x2.a : UARTCC26XX.oem4f (.text:UARTCC26XX_write)
                  000030a8    000000c8     dpl_cc13x2.a : PowerCC26X2_tirtos.oem4f (.text:PowerCC26XX_standbyPolicy)
                  00003170    000000c4     drivers_cc13x2.a : GPIOCC26XX.oem4f (.text:GPIO_init)
                  00003234    000000c0                      : PowerCC26X2.oem4f (.text:Power_releaseDependency)
                  000032f4    000000c0                      : UARTCC26XX.oem4f (.text:UARTCC26XX_initIO)
                  000033b4    000000b8     display.a : DisplaySharp.oem4f (.text:DisplaySharp_vprintf)
                  0000346c    000000b8     drivers_cc13x2.a : PowerCC26X2.oem4f (.text:Power_setDependency)
                  00003524    000000b8                      : UARTCC26XX.oem4f (.text:UARTCC26XX_initHw)
                  000035dc    000000b4     display.a : DisplaySharp.oem4f (.text:DisplaySharp_control)
                  00003690    000000ac               : DisplayUart.oem4f (.text:DisplayUartAnsi_clearLines)
                  0000373c    000000ac     drivers_cc13x2.a : PINCC26XX.oem4f (.text:PIN_open)
                  000037e8    000000ac     driverlib.lib : setup.obj (.text:TrimAfterColdResetWakeupFromShutDown)
                  00003894    000000aa     display.a : SharpGrLib.oem4f (.text:SharpGrLib_lineDrawH)
                  0000393e    00000002     rtsv7M4_T_le_v4SPD16_eabi.lib : div0.asm.obj (.text)
                  00003940    000000a7     display.a : DisplayUart.oem4f (.text:DisplayUartAnsi_open)
                  000039e7    00000001     --HOLE-- [fill = 0]
                  000039e8    000000a0     auto_init.aem4f : auto_init.oem4f (.text)
                  00003a88    000000a0     rom_sysbios.aem4f : rom_sysbios.obj (.text:ti_sysbios_knl_Task_setPri__E)
                  00003b28    0000009f     display.a : DisplayUart.oem4f (.text:DisplayUartAnsi_vprintf)
                  00003bc7    00000001     --HOLE-- [fill = 0]
                  00003bc8    0000009c     grlib.a : line.obj (.text:Graphics_drawLineH)
                  00003c64    0000009c     rtsv7M4_T_le_v4SPD16_eabi.lib : memcpy_t2.asm.obj (.text)
                  00003d00    00000098     driverlib.lib : setup.obj (.text:NOROM_SetupTrimDevice)
                  00003d98    00000098     drivers_cc13x2.a : UARTCC26XX.oem4f (.text:writeTxFifoFlush)
                  00003e30    00000096     rtsv7M4_T_le_v4SPD16_eabi.lib : ull_div_t2.asm.obj (.text)
                  00003ec6    00000092     drivers_cc13x2.a : UARTCC26XX.oem4f (.text:UARTCC26XX_writeCancel)
                  00003f58    00000090     display.a : SharpGrLib.oem4f (.text:SharpGrLib_clearScreen)
                  00003fe8    00000088     driverlib.lib : osc.obj (.text:NOROM_OSCHF_AttemptToSwitchToXosc)
                  00004070    00000088     rom_sysbios.aem4f : rom_sysbios.obj (.text:_pthread_removeThreadKeys)
                  000040f8    00000088     drivers_cc13x2.a : PowerCC26X2_calibrateRCOSC.oem4f (.text:calibrateRcoscHf2)
                  00004180    00000088                      : PowerCC26X2.oem4f (.text:disableLFClockQualifiers)
                  00004208    00000088                      : PowerCC26X2_calibrateRCOSC.oem4f (.text:updateSubSecInc)
                  00004290    00000086     rtsv7M4_T_le_v4SPD16_eabi.lib : fd_cmp_t2.asm.obj (.text:__aeabi_cdcmple)
                  00004316    00000086                                   : fd_cmp_t2.asm.obj (.text:__aeabi_cdrcmple)
                  0000439c    00000084     ti_drivers_config.obj (.text:Board_sendExtFlashByte)
                  00004420    00000084     drivers_cc13x2.a : UARTCC26XX.oem4f (.text:UARTCC26XX_close)
                  000044a4    00000084     rom_sysbios.aem4f : rom_sysbios.obj (.text:ti_sysbios_family_arm_m3_Hwi_excHandlerMin__I)
                  00004528    00000080     driverlib.lib : sys_ctrl.obj (.text:NOROM_SysCtrlSetRechargeBeforePowerDown)
                  000045a8    00000080     rom_sysbios.aem4f : rom_sysbios.obj (.text:ti_sysbios_family_arm_cc26xx_Timer_start__E)
                  00004628    0000007a     rtsv7M4_T_le_v4SPD16_eabi.lib : memset_t2.asm.obj (.text)
                  000046a2    00000076     rom_sysbios.aem4f : rom_sysbios.obj (.text:ti_sysbios_heaps_HeapMem_allocUnprotected__E)
                  00004718    00000074     drivers_cc13x2.a : PowerCC26X2_calibrateRCOSC.oem4f (.text:PowerCC26X2_auxISR)
                  0000478c    00000072                      : SPICC26X2DMA.oem4f (.text:csnCallback)
                  000047fe    00000002     release_pem4f.oem4f (.text:ti_sysbios_BIOS_nullFunc__I)
                  00004800    00000070     drivers_cc13x2.a : PINCC26XX.oem4f (.text:PIN_add)
                  00004870    0000006d     rom_sysbios.aem4f : rom_sysbios.obj (.text:xdc_runtime_System_formatNum__I)
                  000048dd    00000001     --HOLE-- [fill = 0]
                  000048de    00000002                       : rom_sysbios.obj (.text:xdc_runtime_SysCallback_defaultAbort)
                  000048e0    0000006c     grlib.a : image.obj (.text:Graphics_convertPalette)
                  0000494c    0000006c     driverlib.lib : chipinfo.obj (.text:NOROM_ChipInfo_GetChipType)
                  000049b8    00000068                   : osc.obj (.text:NOROM_OSCHF_SwitchToRcOscTurnOffXosc)
                  00004a20    00000068     rtsv7M4_T_le_v4SPD16_eabi.lib : copy_decompress_lzss.c.obj (.text:decompress:lzss:__TI_decompress_lzss)
                  00004a88    00000064     drivers_cc13x2.a : UARTCC26XX.oem4f (.text:UARTCC26XX_control)
                  00004aec    00000064     main_tirtos.obj (.text:main)
                  00004b50    00000062     drivers_cc13x2.a : UARTCC26XX.oem4f (.text:UARTCC26XX_swiIntFxn)
                  00004bb2    00000002     rom_sysbios.aem4f : rom_sysbios.obj (.text:xdc_runtime_SysCallback_defaultExit)
                  00004bb4    00000060     drivers_cc13x2.a : GPIOCC26XX.oem4f (.text:GPIO_write)
                  00004c14    0000005c     display.a : Display.oem4f (.text:Display_doOpen)
                  00004c70    0000005c     drivers_cc13x2.a : PINCC26XX.oem4f (.text:PIN_remove)
                  00004ccc    0000005c                      : SPICC26X2DMA.oem4f (.text:initHw)
                  00004d28    0000005c                      : UARTCC26XX.oem4f (.text:startTxFifoEmptyClk)
                  00004d84    0000005c     rom_sysbios.aem4f : rom_sysbios.obj (.text:ti_sysbios_heaps_HeapMem_initPrimary__I)
                  00004de0    0000005c     release_pem4f.oem4f (.text:xdc_runtime_Startup_getState__I)
                  00004e3c    0000005a     display.a : DisplaySharp.oem4f (.text:DisplaySharp_clearLines)
                  00004e96    00000002     rom_sysbios.aem4f : rom_sysbios.obj (.text:xdc_runtime_SysCallback_defaultFlush)
                  00004e98    00000058     drivers_cc13x2.a : PowerCC26X2_calibrateRCOSC.oem4f (.text:PowerCC26X2_initiateCalibration)
                  00004ef0    00000058     display.a : SharpGrLib.oem4f (.text:SharpGrLib_lineDrawV)
                  00004f48    00000058     boot.aem4f : boot.oem4f (.text)
                  00004fa0    00000058     rom_sysbios.aem4f : rom_sysbios.obj (.text:pthread_exit)
                  00004ff8    00000058                       : rom_sysbios.obj (.text:ti_sysbios_heaps_HeapMem_alloc__E)
                  00005050    00000054     driverlib.lib : prcm.obj (.text:NOROM_PRCMPowerDomainsAllOff)
                  000050a4    00000054     dpl_cc13x2.a : SwiP_tirtos.oem4f (.text:SwiP_construct)
                  000050f8    00000052     grlib.a : context.obj (.text:Graphics_initContext)
                  0000514a    00000050     drivers_cc13x2.a : SPICC26X2DMA.oem4f (.text:SPICC26X2DMA_close)
                  0000519a    00000002     rom_sysbios.aem4f : rom_sysbios.obj (.text:xdc_runtime_SysCallback_defaultPutch)
                  0000519c    0000004c     ti_drivers_config.obj (.text:Board_wakeUpExtFlash)
                  000051e8    0000004c     driverlib.lib : prcm.obj (.text:NOROM_PRCMPowerDomainsAllOn)
                  00005234    0000004c     drivers_cc13x2.a : UARTCC26XX.oem4f (.text:UARTCC26XX_readCancel)
                  00005280    0000004c                      : UDMACC26XX.oem4f (.text:UDMACC26XX_open)
                  000052cc    0000004c     rtsv7M4_T_le_v4SPD16_eabi.lib : cpy_tbl.c.obj (.text:copy_in)
                  00005318    00000048     drivers_cc13x2.a : PINCC26XX.oem4f (.text:PIN_setOutputEnable)
                  00005360    00000048                      : PowerCC26X2_calibrateRCOSC.oem4f (.text:PowerCC26X2_RCOSC_clockFunc)
                  000053a8    00000048                      : PowerCC26X2.oem4f (.text:switchXOSCHF)
                  000053f0    00000048                      : UARTCC26XX.oem4f (.text:writeFinishedDoCallback)
                  00005438    00000046     grlib.a : display.obj (.text:Graphics_drawMultiplePixelsOnDisplay)
                  0000547e    00000046     drivers_cc13x2.a : RingBuf.oem4f (.text:RingBuf_put)
                  000054c4    00000046     display.a : SharpGrLib.oem4f (.text:SharpGrLib_drawMultiple)
                  0000550a    00000002     --HOLE-- [fill = 0]
                  0000550c    00000044     driverlib.lib : chipinfo.obj (.text:NOROM_ChipInfo_GetHwRevision)
                  00005550    00000044     drivers_cc13x2.a : PINCC26XX.oem4f (.text:PIN_swi)
                  00005594    00000044                      : SPI.oem4f (.text:SPI_init)
                  000055d8    00000044                      : UART.oem4f (.text:UART_init)
                  0000561c    00000044     rtsv7M4_T_le_v4SPD16_eabi.lib : fd_tou_t2.asm.obj (.text)
                  00005660    00000042     drivers_cc13x2.a : SPICC26X2DMA.oem4f (.text:SPICC26X2DMA_swiFxn)
                  000056a2    00000042     display.a : SharpGrLib.oem4f (.text:SharpGrLib_pixelDraw)
                  000056e4    00000040     ti_drivers_config.obj (.text:Board_shutDownExtFlash)
                  00005724    00000040     dpl_cc13x2.a : ClockP_tirtos.oem4f (.text:ClockP_construct)
                  00005764    00000040     grlib.a : string.obj (.text:Graphics_getNumberOfLeadingZeros)
                  000057a4    00000040     driverlib.lib : osc.obj (.text:NOROM_OSC_HPOSCRelativeFrequencyOffsetGet)
                  000057e4    00000040     drivers_cc13x2.a : RingBuf.oem4f (.text:RingBuf_get)
                  00005824    00000040                      : SPI.oem4f (.text:SPI_open)
                  00005864    00000040                      : UART.oem4f (.text:UART_open)
                  000058a4    00000040     rtsv7M4_T_le_v4SPD16_eabi.lib : u_divt2.asm.obj (.text)
                  000058e4    00000040     rom_sysbios.aem4f : rom_sysbios.obj (.text:ti_sysbios_family_arm_cc26xx_Timer_setThreshold__I)
                  00005924    0000003e     dpl_cc13x2.a : HwiP_tirtos.oem4f (.text:HwiP_construct)
                  00005962    00000002     --HOLE-- [fill = 0]
                  00005964    0000003c     drivers_cc13x2.a : PINCC26XX.oem4f (.text:PIN_setInterrupt)
                  000059a0    0000003c                      : PINCC26XX.oem4f (.text:PIN_setOutputValue)
                  000059dc    0000003c     rom_sysbios.aem4f : rom_sysbios.obj (.text:sleep)
                  00005a18    0000003c                       : rom_sysbios.obj (.text:ti_sysbios_family_arm_m3_Hwi_construct2__E)
                  00005a54    00000038     drivers_cc13x2.a : PINCC26XX.oem4f (.text:PIN_setConfig)
                  00005a8c    00000038                      : PowerCC26X2.oem4f (.text:notify)
                  00005ac4    00000038                      : UARTCC26XX.oem4f (.text:readData)
                  00005afc    00000038     rtsv7M4_T_le_v4SPD16_eabi.lib : fs_tod_t2.asm.obj (.text)
                  00005b34    00000038     drivers_cc13x2.a : UARTCC26XX.oem4f (.text:writeData)
                  00005b6c    00000036     grlib.a : display.obj (.text:Graphics_drawHorizontalLineOnDisplay)
                  00005ba2    00000036     drivers_cc13x2.a : UDMACC26XX.oem4f (.text:UDMACC26XX_close)
                  00005bd8    00000036     rom_sysbios.aem4f : rom_sysbios.obj (.text:ti_sysbios_family_arm_cc26xx_Timer_setNextTick__E)
                  00005c0e    00000034     display.a : DisplaySharp.oem4f (.text:DisplaySharp_close)
                  00005c42    00000002     --HOLE-- [fill = 0]
                  00005c44    00000034     drivers_cc13x2.a : GPIOCC26XX.oem4f (.text:GPIO_toggle)
                  00005c78    00000034     driverlib.lib : aux_sysif.obj (.text:NOROM_AUXSYSIFOpModeChange)
                  00005cac    00000034                   : sys_ctrl.obj (.text:NOROM_SysCtrlIdle)
                  00005ce0    00000034     drivers_cc13x2.a : UARTCC26XX.oem4f (.text:readData2RingBuf)
                  00005d14    00000030                      : GPIOCC26XX.oem4f (.text:GPIO_hwiIntFxn)
                  00005d44    00000030                      : GPIOCC26XX.oem4f (.text:GPIO_setCallback)
                  00005d74    00000030                      : PINCC26XX.oem4f (.text:PINCC26XX_setMux)
                  00005da4    00000030                      : PowerCC26X2.oem4f (.text:Power_releaseConstraint)
                  00005dd4    00000030                      : PowerCC26X2.oem4f (.text:Power_setConstraint)
                  00005e04    00000030     release_pem4f.oem4f (.text:ti_sysbios_BIOS_atExitFunc__I)
                  00005e34    00000030     release_pem4f.oem4f (.text:ti_sysbios_BIOS_startFunc__I)
                  00005e64    00000030     rom_sysbios.aem4f : rom_sysbios.obj (.text:ti_sysbios_family_arm_cc26xx_Timer_getCurrentTick__E)
                  00005e94    00000030                       : rom_sysbios.obj (.text:ti_sysbios_family_arm_cc26xx_Timer_initDevice__I)
                  00005ec4    0000002e     display.a : SharpGrLib.oem4f (.text:SharpGrLib_initializeDisplayBuffer)
                  00005ef2    0000002c     grlib.a : display.obj (.text:Graphics_drawPixelOnDisplay)
                  00005f1e    0000002c     dpl_cc13x2.a : SemaphoreP_tirtos.oem4f (.text:SemaphoreP_constructBinary)
                  00005f4a    00000002     --HOLE-- [fill = 0]
                  00005f4c    0000002c                  : SemaphoreP_tirtos.oem4f (.text:SemaphoreP_createBinary)
                  00005f78    0000002c     rom_sysbios.aem4f : rom_sysbios.obj (.text:_pthread_delete$45)
                  00005fa4    0000002c                       : rom_sysbios.obj (.text:pthread_setcancelstate)
                  00005fd0    0000002c                       : rom_sysbios.obj (.text:ti_sysbios_knl_Clock_getTicksUntilInterrupt__E)
                  00005ffc    0000002a     display.a : DisplayUart.oem4f (.text:DisplayUartAnsi_clear)
                  00006026    0000002a               : Display.oem4f (.text:Display_doPrintf)
                  00006050    00000028               : Display.oem4f (.text:Display_doInit)
                  00006078    00000028     drivers_cc13x2.a : GPIOCC26XX.oem4f (.text:GPIO_read)
                  000060a0    00000028                      : PowerCC26X2.oem4f (.text:Power_registerNotify)
                  000060c8    00000028                      : SPICC26X2DMA.oem4f (.text:flushFifos)
                  000060f0    00000028                      : PowerCC26X2.oem4f (.text:oscillatorISR)
                  00006118    00000026                      : List.oem4f (.text:List_put)
                  0000613e    00000026                      : List.oem4f (.text:List_remove)
                  00006164    00000024     display.a : DisplaySharp.oem4f (.text:DisplaySharp_clear)
                  00006188    00000024     driverlib.lib : osc.obj (.text:NOROM_OSCHF_TurnOnXosc)
                  000061ac    00000024     display.a : SharpGrLib.oem4f (.text:SharpGrLib_init)
                  000061d0    00000024     rom_sysbios.aem4f : rom_sysbios.obj (.text:_pthread_cleanupFxn)
                  000061f4    00000024     drivers_cc13x2.a : PowerCC26X2_calibrateRCOSC.oem4f (.text:getTdcSemaphore)
                  00006218    00000024     rom_sysbios.aem4f : rom_sysbios.obj (.text:pthread_attr_init)
                  0000623c    00000024     release_pem4f.oem4f (.text:ti_sysbios_BIOS_registerRTSLock__I)
                  00006260    00000024     release_pem4f.oem4f (.text:ti_sysbios_BIOS_removeRTSLock__I)
                  00006284    00000024     rom_sysbios.aem4f : rom_sysbios.obj (.text:ti_sysbios_family_arm_cc26xx_Timer_getMaxTicks__E)
                  000062a8    00000020     ti_drivers_config.obj (.text:Board_init)
                  000062c8    00000020     drivers_cc13x2.a : PINCC26XX.oem4f (.text:PINCC26XX_setIoCfgMux)
                  000062e8    00000020                      : PowerCC26X2.oem4f (.text:Power_unregisterNotify)
                  00006308    00000020     rtsv7M4_T_le_v4SPD16_eabi.lib : u_tofd_t2.asm.obj (.text)
                  00006328    00000020     drivers_cc13x2.a : UARTCC26XX.oem4f (.text:threadSafeStdbyDisRelease)
                  00006348    00000020                      : UARTCC26XX.oem4f (.text:threadSafeStdbyDisSet)
                  00006368    00000020     release_pem4f.oem4f (.text:ti_sysbios_BIOS_rtsLock__I)
                  00006388    00000020     rom_sysbios.aem4f : rom_sysbios.obj (.text:ti_sysbios_family_arm_cc26xx_Timer_dynamicStub__E)
                  000063a8    00000020                       : rom_sysbios.obj (.text:xdc_runtime_Error_policyMin__E)
                  000063c8    0000001e     grlib.a : display.obj (.text:Graphics_fillRectangleOnDisplay)
                  000063e6    0000001e     drivers_cc13x2.a : PINCC26XX.oem4f (.text:PIN_close)
                  00006404    0000001e                      : PowerCC26X2.oem4f (.text:Power_getTransitionLatency)
                  00006422    00000002     --HOLE-- [fill = 0]
                  00006424    0000001c     driverlib.lib : chipinfo.obj (.text:NOROM_ChipInfo_GetChipFamily)
                  00006440    0000001c     drivers_cc13x2.a : PINCC26XX.oem4f (.text:PIN_hwi)
                  0000645c    0000001c     dpl_cc13x2.a : PowerCC26X2_tirtos.oem4f (.text:PowerCC26XX_schedulerDisable)
                  00006478    0000001c                  : PowerCC26X2_tirtos.oem4f (.text:PowerCC26XX_schedulerRestore)
                  00006494    0000001c     drivers_cc13x2.a : UDMACC26XX.oem4f (.text:UDMACC26XX_initHw)
                  000064b0    0000001c     rom_sysbios.aem4f : rom_sysbios.obj (.text:ti_sysbios_family_arm_m3_Hwi_clearInterrupt__E)
                  000064cc    0000001c                       : rom_sysbios.obj (.text:ti_sysbios_knl_Swi_construct2__E)
                  000064e8    0000001c     release_pem4f.oem4f (.text:xdc_runtime_Startup_exec__I)
                  00006504    0000001a     grlib.a : display.obj (.text:Graphics_clearDisplayOnDisplay)
                  0000651e    0000001a             : context.obj (.text:Graphics_setBackgroundColor)
                  00006538    0000001a             : context.obj (.text:Graphics_setFont)
                  00006552    0000001a     drivers_cc13x2.a : PowerCC26X2.oem4f (.text:PowerCC26XX_calibrate)
                  0000656c    0000001a     dpl_cc13x2.a : SystemP_tirtos.oem4f (.text:SystemP_snprintf)
                  00006586    00000018     display.a : DisplayExt.oem4f (.text:DisplayExt_doGetGraphicsContext)
                  0000659e    00000002     --HOLE-- [fill = 0]
                  000065a0    00000018     driverlib.lib : chipinfo.obj (.text:NOROM_ChipInfo_GetPackageType)
                  000065b8    00000018     drivers_cc13x2.a : PowerCC26X2.oem4f (.text:Power_idleFunc)
                  000065d0    00000018     display.a : SharpGrLib.oem4f (.text:SharpGrLib_reverse)
                  000065e8    00000018     drivers_cc13x2.a : UART.oem4f (.text:UART_Params_init)
                  00006600    00000018     rtsv7M4_T_le_v4SPD16_eabi.lib : args_main.c.obj (.text:_args_main)
                  00006618    00000018                                   : ll_mul_t2.asm.obj (.text)
                  00006630    00000018     drivers_cc13x2.a : PowerCC26X2.oem4f (.text:switchToTCXO)
                  00006648    00000018     release_pem4f.oem4f (.text:ti_sysbios_BIOS_rtsUnlock__I)
                  00006660    00000018     rom_sysbios.aem4f : rom_sysbios.obj (.text:ti_sysbios_knl_Swi_or__E)
                  00006678    00000018                       : rom_sysbios.obj (.text:xdc_runtime_Error_init__E)
                  00006690    00000016     display.a : DisplayUart.oem4f (.text:DisplayUartAnsi_close)
                  000066a6    00000016     grlib.a : context.obj (.text:Graphics_setForegroundColor)
                  000066bc    00000016             : display.obj (.text:Graphics_translateColorOnDisplay)
                  000066d2    00000016     driverlib.lib : chipinfo.obj (.text:NOROM_ThisLibraryIsFor_CC13x2_CC26x2_HwRev20AndLater_HaltIfViolated)
                  000066e8    00000016     rom_sysbios.aem4f : rom_sysbios.obj (.text:_pthread_cleanup_pop)
                  000066fe    00000016     release_pem4f.oem4f (.text:ti_sysbios_BIOS_exitFunc__I)
                  00006714    00000014     dpl_cc13x2.a : ClockP_tirtos.oem4f (.text:ClockP_usleep)
                  00006728    00000014     drivers_cc13x2.a : PINCC26XX.oem4f (.text:PINCC26XX_getInputValue)
                  0000673c    00000014                      : PowerCC26X2_calibrateRCOSC.oem4f (.text:PowerCC26X2_calibrate)
                  00006750    00000014                      : SPI.oem4f (.text:SPI_Params_init)
                  00006764    00000014     rom_sysbios.aem4f : rom_sysbios.obj (.text:pthread_attr_setschedparam)
                  00006778    00000014                       : rom_sysbios.obj (.text:ti_sysbios_family_arm_cc26xx_Timer_getCount64__E)
                  0000678c    00000014     release_pem4f.oem4f (.text:ti_sysbios_knl_Clock_doTick__I)
                  000067a0    00000012     display.a : Display.oem4f (.text:Display_doGetType)
                  000067b2    00000012     grlib.a : context.obj (.text:Graphics_clearDisplay)
                  000067c4    00000012             : display.obj (.text:Graphics_flushOnDisplay)
                  000067d6    00000012     drivers_cc13x2.a : RingBuf.oem4f (.text:RingBuf_construct)
                  000067e8    00000012     dpl_cc13x2.a : SemaphoreP_tirtos.oem4f (.text:SemaphoreP_pend)
                  000067fa    00000012     rom_sysbios.aem4f : rom_sysbios.obj (.text:_pthread_runStub$45)
                  0000680c    00000010     grlib.a : context.obj (.text:Graphics_getDisplayHeight)
                  0000681c    00000010             : context.obj (.text:Graphics_getDisplayWidth)
                  0000682c    00000010     dpl_cc13x2.a : HwiP_tirtos.oem4f (.text:HwiP_Params_init)
                  0000683c    00000010     drivers_cc13x2.a : PINCC26XX.oem4f (.text:PINCC26XX_getPinCount)
                  0000684c    00000010     dpl_cc13x2.a : SwiP_tirtos.oem4f (.text:SwiP_Params_init)
                  0000685c    00000010     drivers_cc13x2.a : UARTCC26XX.oem4f (.text:uartPostNotify)
                  0000686c    0000000e     grlib.a : context.obj (.text:Graphics_flushBuffer)
                  0000687a    0000000e             : image.obj (.text:Graphics_getImageHeight)
                  00006888    0000000e             : image.obj (.text:Graphics_getImageWidth)
                  00006896    0000000e     rtsv7M4_T_le_v4SPD16_eabi.lib : copy_decompress_none.c.obj (.text:decompress:none:__TI_decompress_none)
                  000068a4    0000000e     rom_sysbios.aem4f : rom_sysbios.obj (.text:pthread_attr_setdetachstate)
                  000068b2    0000000e                       : rom_sysbios.obj (.text:ti_sysbios_family_arm_cc26xx_TimestampProvider_get32__E)
                  000068c0    0000000c     dpl_cc13x2.a : ClockP_tirtos.oem4f (.text:ClockP_getSystemTickPeriod)
                  000068cc    0000000c     display.a : Display.oem4f (.text:Display_doClear)
                  000068d8    0000000c               : Display.oem4f (.text:Display_doClearLines)
                  000068e4    0000000c     driverlib.lib : cpu.obj (.text:NOROM_CPUcpsid)
                  000068f0    0000000c                   : cpu.obj (.text:NOROM_CPUcpsie)
                  000068fc    0000000c     drivers_cc13x2.a : PINCC26XX.oem4f (.text:PIN_registerIntCb)
                  00006908    0000000c                      : PowerCC26X2.oem4f (.text:Power_getConstraintMask)
                  00006914    0000000c                      : PowerCC26X2.oem4f (.text:Power_getDependencyCount)
                  00006920    0000000c     dpl_cc13x2.a : SemaphoreP_tirtos.oem4f (.text:SemaphoreP_delete)
                  0000692c    0000000c     rtsv7M4_T_le_v4SPD16_eabi.lib : _lock.c.obj (.text:_register_lock)
                  00006938    0000000c                                   : _lock.c.obj (.text:_register_unlock)
                  00006944    0000000c                                   : copy_zero_init.c.obj (.text:decompress:ZI:__TI_zero_init)
                  00006950    0000000c     rom_sysbios.aem4f : rom_sysbios.obj (.text:pthread_self)
                  0000695c    0000000c     drivers_cc13x2.a : SPICC26X2DMA.oem4f (.text:spiPostNotify)
                  00006968    0000000c     rom_sysbios.aem4f : rom_sysbios.obj (.text:ti_sysbios_knl_Queue_insert__E)
                  00006974    0000000c                       : rom_sysbios.obj (.text:ti_sysbios_knl_Swi_getTrigger__E)
                  00006980    0000000a     dpl_cc13x2.a : ClockP_tirtos.oem4f (.text:ClockP_Params_init)
                  0000698a    0000000a     drivers_cc13x2.a : SPICC26X2DMA.oem4f (.text:SPICC26X2DMA_init)
                  00006994    0000000a                      : SPI.oem4f (.text:SPI_close)
                  0000699e    0000000a                      : SPI.oem4f (.text:SPI_transfer)
                  000069a8    0000000a     display.a : SharpGrLib.oem4f (.text:SharpGrLib_colorTranslate)
                  000069b2    0000000a     drivers_cc13x2.a : UART.oem4f (.text:UART_close)
                  000069bc    0000000a                      : UART.oem4f (.text:UART_control)
                  000069c6    0000000a                      : UART.oem4f (.text:UART_write)
                  000069d0    0000000a                      : UDMACC26XX.oem4f (.text:UDMACC26XX_hwiIntFxn)
                  000069da    0000000a                      : UARTCC26XX.oem4f (.text:readSemCallback)
                  000069e4    00000008     display.a : DisplaySharp.oem4f (.text:DisplaySharp_getType)
                  000069ec    00000008     drivers_cc13x2.a : UARTCC26XX.oem4f (.text:UARTCC26XX_init)
                  000069f4    00000008                      : SPICC26X2DMA.oem4f (.text:blockingTransferCallback)
                  000069fc    00000008                      : UARTCC26XX.oem4f (.text:writeSemCallback)
                  00006a04    00000008     release_pem4f.oem4f (.text:xdc_runtime_Text_visitRope__I)
                  00006a0c    00000006     display.a : DisplayUart.oem4f (.text:DisplayUartAnsi_control)
                  00006a12    00000006               : DisplayUart.oem4f (.text:DisplayUartAnsi_getType)
                  00006a18    00000006               : Display.oem4f (.text:Display_doParamsInit)
                  00006a1e    00000006     driverlib.lib : cpu.obj (.text:NOROM_CPUdelay)
                  00006a24    00000006     drivers_cc13x2.a : UARTCC26XX.oem4f (.text:UARTCC26XX_readPolling)
                  00006a2a    00000006                      : UARTCC26XX.oem4f (.text:UARTCC26XX_writePolling)
                  00006a30    00000006                      : PowerCC26X2.oem4f (.text:delayUs)
                  00006a36    00000006     rom_sysbios.aem4f : rom_sysbios.obj (.text:pthread_attr_setstacksize)
                  00006a3c    00000004     dpl_cc13x2.a : PowerCC26X2_tirtos.oem4f (.text:CPUwfi)
                  00006a40    00000004                  : ClockP_tirtos.oem4f (.text:ClockP_destruct)
                  00006a44    00000004                  : ClockP_tirtos.oem4f (.text:ClockP_getCpuFreq)
                  00006a48    00000004                  : ClockP_tirtos.oem4f (.text:ClockP_setTimeout)
                  00006a4c    00000004                  : ClockP_tirtos.oem4f (.text:ClockP_start)
                  00006a50    00000004                  : ClockP_tirtos.oem4f (.text:ClockP_stop)
                  00006a54    00000004                  : HwiP_tirtos.oem4f (.text:HwiP_clearInterrupt)
                  00006a58    00000004                  : HwiP_tirtos.oem4f (.text:HwiP_destruct)
                  00006a5c    00000004                  : HwiP_tirtos.oem4f (.text:HwiP_disable)
                  00006a60    00000004                  : HwiP_tirtos.oem4f (.text:HwiP_disableInterrupt)
                  00006a64    00000004                  : HwiP_tirtos.oem4f (.text:HwiP_enableInterrupt)
                  00006a68    00000004                  : SemaphoreP_tirtos.oem4f (.text:SemaphoreP_destruct)
                  00006a6c    00000004                  : SemaphoreP_tirtos.oem4f (.text:SemaphoreP_post)
                  00006a70    00000004                  : SwiP_tirtos.oem4f (.text:SwiP_destruct)
                  00006a74    00000004                  : SwiP_tirtos.oem4f (.text:SwiP_getTrigger)
                  00006a78    00000004                  : SwiP_tirtos.oem4f (.text:SwiP_or)
                  00006a7c    00000004                  : SwiP_tirtos.oem4f (.text:SwiP_post)
                  00006a80    00000004                  : SystemP_tirtos.oem4f (.text:SystemP_vsnprintf)
                  00006a84    00000004     drivers_cc13x2.a : PowerCC26X2.oem4f (.text:configureRFCoreClocks)
                  00006a88    00000004                      : PowerCC26X2.oem4f (.text:nopResourceHandler)
                  00006a8c    00000004     rom_sysbios.aem4f : rom_sysbios.obj (.text:ti_sysbios_knl_Task_getArg1__E)
                  00006a90    00000004                       : rom_sysbios.obj (.text:ti_sysbios_knl_Task_getEnv__E)
                  00006a94    00000004     release_pem4f.oem4f (.text:xdc_runtime_Startup_reset__I)
                  00006a98    00000004     rom_sysbios.aem4f : rom_sysbios.obj (.text:xdc_runtime_SysCallback_defaultReady)
                  00006a9c    00000008     (.tramp.ti_sysbios_knl_Swi_destruct.1)
                  00006aa4    00000008     (.tramp.ti_sysbios_family_arm_m3_Hwi_enableInterrupt__E.1)
                  00006aac    00000008     (.tramp.ti_sysbios_family_arm_m3_Hwi_disableInterrupt__E.1)
                  00006ab4    00000008     (.tramp.ti_sysbios_family_arm_m3_Hwi_disableFxn__E.1)
                  00006abc    00000008     (.tramp.ti_sysbios_family_arm_m3_Hwi_destruct.1)
                  00006ac4    00000008     (.tramp.ti_sysbios_BIOS_getCpuFreq__E.1)
                  00006acc    00000008     (.tramp.ti_sysbios_knl_Clock_destruct.1)
                  00006ad4    00000008     (.tramp.ti_sysbios_knl_Task_self__E.1)
                  00006adc    00000008     (.tramp.ti_sysbios_knl_Semaphore_delete.1)
                  00006ae4    00000008     (.tramp.ti_sysbios_knl_Clock_logTick__E.1)
                  00006aec    00000008     (.tramp.ti_sysbios_knl_Swi_post__E.1)
                  00006af4    00000008     (.tramp.ti_sysbios_BIOS_RtsGateProxy_leave__E.1)
                  00006afc    00000008     (.tramp.xdc_runtime_System_vsnprintf__E.1)
                  00006b04    00000008     (.tramp.ti_sysbios_knl_Swi_construct.1)
                  00006b0c    00000008     (.tramp.ti_sysbios_knl_Swi_restore__E.1)
                  00006b14    00000008     (.tramp.ti_sysbios_BIOS_RtsGateProxy_enter__E.1)
                  00006b1c    00000008     (.tramp.ti_sysbios_knl_Clock_TimerProxy_getCurrentTick__E.1)
                  00006b24    00000008     (.tramp.ti_sysbios_knl_Task_delete.1)
                  00006b2c    00000008     (.tramp.ti_sysbios_knl_Semaphore_destruct.1)
                  00006b34    00000008     (.tramp.ti_sysbios_knl_Semaphore_create.1)
                  00006b3c    00000008     (.tramp.ti_sysbios_knl_Task_startup__E.1)
                  00006b44    00000008     (.tramp.ti_sysbios_knl_Swi_startup__E.1)
                  00006b4c    00000008     (.tramp.ti_sysbios_hal_Hwi_startup__E.1)
                  00006b54    00000008     (.tramp.ti_sysbios_family_arm_cc26xx_Timer_startup__E.1)
                  00006b5c    00000008     (.tramp.xdc_runtime_System_atexit__E.1)
                  00006b64    00000008     (.tramp.ti_sysbios_BIOS_linkedWithIncorrectBootLibrary__E.1)
                  00006b6c    00000008     (.tramp.xdc_runtime_Startup_rtsDone__E.1)
                  00006b74    00000008     (.tramp.ti_sysbios_knl_Swi_disable__E.1)
                  00006b7c    00000008     (.tramp.ti_sysbios_family_arm_m3_Hwi_construct.1)
                  00006b84    00000008     (.tramp.ti_sysbios_knl_Task_sleep__E.1)
                  00006b8c    00000008     (.tramp.ti_sysbios_family_arm_m3_Hwi_Params__init__S.1)
                  00006b94    00000008     (.tramp.ti_sysbios_knl_Clock_construct.1)
                  00006b9c    00000008     (.tramp.ti_sysbios_knl_Clock_Params__init__S.1)
                  00006ba4    00000008     (.tramp.ti_sysbios_knl_Swi_Params__init__S.1)
                  00006bac    00000008     (.tramp.ti_sysbios_heaps_HeapMem_Module_GateProxy_leave__E.1)
                  00006bb4    00000008     (.tramp.ti_sysbios_heaps_HeapMem_Module_GateProxy_enter__E.1)
                  00006bbc    00000008     (.tramp.xdc_runtime_System_exit__E.1)
                  00006bc4    00000008     (.tramp.ti_sysbios_heaps_HeapMem_restore__E.1)
                  00006bcc    00000008     (.tramp.ti_sysbios_heaps_HeapMem_Object__get__S.1)
                  00006bd4    00000008     (.tramp.ti_sysbios_BIOS_start__E.1)
                  00006bdc    00000008     (.tramp.xdc_runtime_Error_raiseX__E.1)
                  00006be4    00000008     (.tramp.ti_sysbios_BIOS_setThreadType__E.1)
                  00006bec    00000008     (.tramp.ti_sysbios_family_arm_m3_Hwi_excFillContext__I.1)
                  00006bf4    00000008     (.tramp.ti_sysbios_knl_Semaphore_post__E.1)
                  00006bfc    00000008     (.tramp.xdc_runtime_Memory_free__E.1)
                  00006c04    00000008     (.tramp.ti_sysbios_knl_Queue_next__E.1)
                  00006c0c    00000008     (.tramp.ti_sysbios_knl_Queue_head__E.1)
                  00006c14    00000008     (.tramp.ti_sysbios_knl_Semaphore_pend__E.1)
                  00006c1c    00000008     (.tramp.ti_sysbios_knl_Task_restore__E.1)
                  00006c24    00000008     (.tramp.ti_sysbios_knl_Queue_enqueue__E.1)
                  00006c2c    00000008     (.tramp.ti_sysbios_knl_Queue_empty__E.1)
                  00006c34    00000008     (.tramp.ti_sysbios_knl_Queue_remove__E.1)
                  00006c3c    00000008     (.tramp.ti_sysbios_knl_Task_disable__E.1)
                  00006c44    00000008     (.tramp.ti_sysbios_knl_Clock_stop__E.1)
                  00006c4c    00000008     (.tramp.ti_sysbios_knl_Clock_start__E.1)
                  00006c54    00000008     (.tramp.ti_sysbios_knl_Clock_setTimeout__E.1)
                  00006c5c    00000008     (.tramp.ti_sysbios_knl_Task_create.1)
                  00006c64    00000008     (.tramp.ti_sysbios_knl_Semaphore_construct.1)
                  00006c6c    00000008     (.tramp.ti_sysbios_knl_Semaphore_Params__init__S.1)
                  00006c74    00000008     (.tramp.ti_sysbios_knl_Queue_construct.1)
                  00006c7c    00000008     (.tramp.xdc_runtime_Memory_alloc__E.1)
                  00006c84    00000008     (.tramp.ti_sysbios_knl_Task_Params__init__S.1)
                  00006c8c    00000008     (.tramp.xdc_runtime_System_doPrint__I.1)
                  00006c94    00000008     (.tramp.ti_sysbios_family_arm_m3_Hwi_restoreFxn__E.1)

.const     0    00006c9c    00000d54     
                  00006c9c    000003b8     release_pem4f.oem4f (.const:ROM_constStruct)
                  00007054    000002f8     grlib.a : fontfixed6x8.obj (.const:.string:g_pucFontFixed6x8Data)
                  0000734c    00000192     splash_image.obj (.const:.string:imgData)
                  000074de    00000001     display.a : Display.oem4f (.const:Display_defaultParams)
                  000074df    00000001     release_pem4f.oem4f (.const:xdc_runtime_Text_charTab__A)
                  000074e0    000000c8     grlib.a : fontfixed6x8.obj (.const:g_sFontFixed6x8)
                  000075a8    00000054     drivers_cc13x2.a : PowerCC26X2.oem4f (.const:resourceDB)
                  000075fc    00000048     release_pem4f.oem4f (.const:.string)
                  00007644    00000048     release_pem4f.oem4f (.const:ROM_externFuncPtrs)
                  0000768c    00000028     ti_drivers_config.obj (.const:BoardGpioInitTable)
                  000076b4    00000028     drivers_cc13x2.a : UARTCC26XX.oem4f (.const:UARTCC26XX_fxnTable)
                  000076dc    00000028     ti_drivers_config.obj (.const:uartCC26XXHWAttrs)
                  00007704    00000024     drivers_cc13x2.a : UART.oem4f (.const:UART_defaultParams)
                  00007728    00000024     release_pem4f.oem4f (.const:xdc_runtime_Startup_sfxnTab__A)
                  0000774c    00000020     display.a : DisplaySharp.oem4f (.const:DisplaySharp_fxnTable)
                  0000776c    00000020               : DisplayUart.oem4f (.const:DisplayUartAnsi_fxnTable)
                  0000778c    00000020     drivers_cc13x2.a : SPI.oem4f (.const:SPI_defaultParams)
                  000077ac    00000020     display.a : SharpGrLib.oem4f (.const:g_sharpFxns)
                  000077cc    00000020     ti_drivers_config.obj (.const:spiCC26X2DMAHWAttrs)
                  000077ec    00000018     ti_drivers_config.obj (.const:Display_config)
                  00007804    00000018     drivers_cc13x2.a : SPICC26X2DMA.oem4f (.const:SPICC26X2DMA_fxnTable)
                  0000781c    00000018     ti_drivers_config.obj (.const:displayLcdHWattrs)
                  00007834    00000018     drivers_cc13x2.a : SPICC26X2DMA.oem4f (.const:frameFormat)
                  0000784c    00000018                      : GPIOCC26XX.oem4f (.const:interruptType)
                  00007864    00000014     ti_drivers_config.obj (.const:$P$T1$2)
                  00007878    00000014     ti_drivers_config.obj (.const:GPIOCC26XX_config)
                  0000788c    00000014     ti_drivers_config.obj (.const:PowerCC26X2_config)
                  000078a0    00000014     ti_drivers_config.obj (.const:displayUartHWAttrs)
                  000078b4    00000014     drivers_cc13x2.a : UARTCC26XX.oem4f (.const:parityType)
                  000078c8    00000012     release_pem4f.oem4f (.const:xdc_runtime_Startup_sfxnRts__A)
                  000078da    00000010     display.a : SharpGrLib.oem4f (.const:.string:referse_data)
                  000078ea    00000002     --HOLE-- [fill = 0]
                  000078ec    00000010     drivers_cc13x2.a : UARTCC26XX.oem4f (.const:dataLength)
                  000078fc    00000010                      : GPIOCC26XX.oem4f (.const:outPinTypes)
                  0000790c    00000010     splash_image.obj (.const:splashImage)
                  0000791c    0000000c     ti_drivers_config.obj (.const:SPI_config)
                  00007928    0000000c     ti_drivers_config.obj (.const:UART_config)
                  00007934    0000000c     drivers_cc13x2.a : GPIOCC26XX.oem4f (.const:inPinTypes)
                  00007940    0000000c                      : GPIOCC26XX.oem4f (.const:outPinStrengths)
                  0000794c    0000000c     release_pem4f.oem4f (.const:xdc_runtime_Startup_firstFxns__A)
                  00007958    00000009     ti_drivers_config.obj (.const)
                  00007961    00000003     --HOLE-- [fill = 0]
                  00007964    00000008     driverlib.lib : aux_sysif.obj (.const:$O1$$)
                  0000796c    00000008     ti_drivers_config.obj (.const:$P$T0$1)
                  00007974    00000008     ti_drivers_config.obj (.const:PINCC26XX_hwAttrs)
                  0000797c    00000008     ti_drivers_config.obj (.const:UDMACC26XX_config)
                  00007984    00000008     drivers_cc13x2.a : SPICC26X2DMA.oem4f (.const:dmaNullConfig)
                  0000798c    00000008                      : SPICC26X2DMA.oem4f (.const:dmaRxConfig)
                  00007994    00000008                      : SPICC26X2DMA.oem4f (.const:dmaTxConfig)
                  0000799c    00000008                      : UARTCC26XX.oem4f (.const:stopBits)
                  000079a4    00000008     release_pem4f.oem4f (.const:ti_sysbios_family_arm_m3_Hwi_excHookFuncs__A)
                  000079ac    00000008     release_pem4f.oem4f (.const:ti_sysbios_knl_Idle_funcList__A)
                  000079b4    00000008     ti_drivers_config.obj (.const:udmaCC26XXHWAttrs)
                  000079bc    00000007     display.a : DisplayUart.oem4f (.const:.string:$P$T0$1)
                  000079c3    00000006     drivers_cc13x2.a : UARTCC26XX.oem4f (.const:.string:rxFifoBytes)
                  000079c9    00000006                      : UARTCC26XX.oem4f (.const:.string:rxFifoThreshold)
                  000079cf    00000006                      : UARTCC26XX.oem4f (.const:.string:txFifoBytes)
                  000079d5    00000006                      : UARTCC26XX.oem4f (.const:.string:txFifoThreshold)
                  000079db    00000001     --HOLE-- [fill = 0]
                  000079dc    00000004     release_pem4f.oem4f (.const:ti_sysbios_family_arm_m3_Hwi_E_exception__C)
                  000079e0    00000004     release_pem4f.oem4f (.const:ti_sysbios_heaps_HeapMem_primaryHeapBaseAddr__C)
                  000079e4    00000004     release_pem4f.oem4f (.const:ti_sysbios_heaps_HeapMem_primaryHeapEndAddr__C)
                  000079e8    00000004     release_pem4f.oem4f (.const:ti_sysbios_knl_Clock_tickPeriod__C)
                  000079ec    00000004     release_pem4f.oem4f (.const:ti_sysbios_knl_Task_Object__heap__C)

MODULE SUMMARY

       Module                             code    ro data   rw data
       ------                             ----    -------   -------
    ./
       display.obj                        700     0         0      
       splash_image.obj                   0       418       8      
       main_tirtos.obj                    100     0         0      
    +--+----------------------------------+-------+---------+---------+
       Total:                             800     418       8      
                                                                   
    ./syscfg/
       ti_drivers_config.obj              306     305       3948   
       ti_devices_config.obj              0       88        0      
    +--+----------------------------------+-------+---------+---------+
       Total:                             306     393       3948   
                                                                   
    /Volumes/Storage/shared/anetreba/IOT/Display/tirtos_builds_cc13x2_cc26x2_release_ccs/Debug/configPkg/package/cfg/
       release_pem4f.oem4f                792     1259      1830   
    +--+----------------------------------+-------+---------+---------+
       Total:                             792     1259      1830   
                                                                   
    /Volumes/Storage/shared/anetreba/IOT/Display/tirtos_builds_cc13x2_cc26x2_release_ccs/src/sysbios/rom_sysbios.aem4f
       rom_sysbios.obj                    2199    0         136    
    +--+----------------------------------+-------+---------+---------+
       Total:                             2199    0         136    
                                                                   
    /Volumes/Storage/shared/anetreba/ti/ccs1020/ccs/tools/compiler/ti-cgt-arm_20.2.2.LTS/lib/rtsv7M4_T_le_v4SPD16_eabi.lib
       fd_add_t2.asm.obj                  438     0         0      
       fd_cmp_t2.asm.obj                  268     0         0      
       fd_mul_t2.asm.obj                  252     0         0      
       memcpy_t2.asm.obj                  156     0         0      
       ull_div_t2.asm.obj                 150     0         0      
       memset_t2.asm.obj                  122     0         0      
       copy_decompress_lzss.c.obj         104     0         0      
       cpy_tbl.c.obj                      76      0         0      
       fd_tou_t2.asm.obj                  68      0         0      
       u_divt2.asm.obj                    64      0         0      
       fs_tod_t2.asm.obj                  56      0         0      
       _lock.c.obj                        26      0         8      
       u_tofd_t2.asm.obj                  32      0         0      
       args_main.c.obj                    24      0         0      
       ll_mul_t2.asm.obj                  24      0         0      
       copy_decompress_none.c.obj         14      0         0      
       copy_zero_init.c.obj               12      0         0      
       stkdepth_vars.c.obj                0       0         4      
       div0.asm.obj                       2       0         0      
    +--+----------------------------------+-------+---------+---------+
       Total:                             1888    0         12     
                                                                   
    /Volumes/Storage/shared/anetreba/ti/ccs1020/simplelink_cc13x2_26x2_sdk_4_40_04_04/kernel/tirtos/packages/ti/dpl/lib/ccs/m4f/dpl_cc13x2.a
       PowerCC26X2_tirtos.oem4f           260     0         8      
       ClockP_tirtos.oem4f                126     0         0      
       SemaphoreP_tirtos.oem4f            126     0         0      
       SwiP_tirtos.oem4f                  116     0         0      
       HwiP_tirtos.oem4f                  98      0         0      
       SystemP_tirtos.oem4f               30      0         0      
    +--+----------------------------------+-------+---------+---------+
       Total:                             756     0         8      
                                                                   
    /Volumes/Storage/shared/anetreba/ti/ccs1020/simplelink_cc13x2_26x2_sdk_4_40_04_04/kernel/tirtos/packages/ti/targets/arm/rtsarm/lib/auto_init.aem4f
       auto_init.oem4f                    160     0         0      
    +--+----------------------------------+-------+---------+---------+
       Total:                             160     0         0      
                                                                   
    /Volumes/Storage/shared/anetreba/ti/ccs1020/simplelink_cc13x2_26x2_sdk_4_40_04_04/kernel/tirtos/packages/ti/targets/arm/rtsarm/lib/boot.aem4f
       boot.oem4f                         88      0         0      
    +--+----------------------------------+-------+---------+---------+
       Total:                             88      0         0      
                                                                   
    /Volumes/Storage/shared/anetreba/ti/ccs1020/simplelink_cc13x2_26x2_sdk_4_40_04_04/source/ti/devices/cc13x2_cc26x2/driverlib/bin/ccs/driverlib.lib
       sys_ctrl.obj                       420     0         0      
       osc.obj                            340     0         36     
       setup.obj                          324     0         0      
       chipinfo.obj                       250     0         0      
       prcm.obj                           160     0         0      
       aux_sysif.obj                      52      8         0      
       cpu.obj                            30      0         0      
       driverlib_release.obj              0       0         1      
    +--+----------------------------------+-------+---------+---------+
       Total:                             1576    8         37     
                                                                   
    /Volumes/Storage/shared/anetreba/ti/ccs1020/simplelink_cc13x2_26x2_sdk_4_40_04_04/source/ti/display/lib/ccs/m4f/display.a
       SharpGrLib.oem4f                   1112    48        34     
       DisplaySharp.oem4f                 792     32        0      
       DisplayUart.oem4f                  576     39        0      
       Display.oem4f                      222     1         0      
       DisplayExt.oem4f                   24      0         0      
    +--+----------------------------------+-------+---------+---------+
       Total:                             2726    120       34     
                                                                   
    /Volumes/Storage/shared/anetreba/ti/ccs1020/simplelink_cc13x2_26x2_sdk_4_40_04_04/source/ti/drivers/lib/ccs/m4f/drivers_cc13x2.a
       SPICC26X2DMA.oem4f                 3390    72        128    
       UARTCC26XX.oem4f                   2760    108       0      
       PowerCC26X2.oem4f                  2060    84        368    
       PINCC26XX.oem4f                    1634    0         328    
       PowerCC26X2_calibrateRCOSC.oem4f   1400    0         0      
       GPIOCC26XX.oem4f                   752     64        61     
       UART.oem4f                         186     36        1      
       SPI.oem4f                          172     32        1      
       UDMACC26XX.oem4f                   168     0         0      
       RingBuf.oem4f                      152     0         0      
       List.oem4f                         76      0         0      
    +--+----------------------------------+-------+---------+---------+
       Total:                             12750   396       887    
                                                                   
    /Volumes/Storage/shared/anetreba/ti/ccs1020/simplelink_cc13x2_26x2_sdk_4_40_04_04/source/ti/grlib/lib/ccs/m4f/grlib.a
       image.obj                          1048    0         1024   
       string.obj                         1214    0         0      
       fontfixed6x8.obj                   0       960       0      
       rectangle.obj                      274     0         0      
       display.obj                        264     0         0      
       context.obj                        220     0         0      
       line.obj                           156     0         0      
    +--+----------------------------------+-------+---------+---------+
       Total:                             3176    960       1024   
                                                                   
       Stack:                             0       0         1024   
       Linker Generated:                  512     616       0      
    +--+----------------------------------+-------+---------+---------+
       Grand Total:                       27729   4170      8948   


LINKER GENERATED COPY TABLES

__TI_cinit_table @ 00007bf0 records: 13, size/record: 8, table size: 104
	.data: load addr=000079f0, load size=00000194 bytes, run addr=20000110, run size=000005cf bytes, compression=lzss
	.TI.bound:dmaSpi0RxAltControlTableEntry: load addr=00007b90, load size=00000008 bytes, run addr=20001a30, run size=00000010 bytes, compression=zero_init
	.TI.bound:dmaSpi0RxControlTableEntry: load addr=00007b98, load size=00000008 bytes, run addr=20001830, run size=00000010 bytes, compression=zero_init
	.TI.bound:dmaSpi0TxAltControlTableEntry: load addr=00007ba0, load size=00000008 bytes, run addr=20001a40, run size=00000010 bytes, compression=zero_init
	.TI.bound:dmaSpi0TxControlTableEntry: load addr=00007ba8, load size=00000008 bytes, run addr=20001840, run size=00000010 bytes, compression=zero_init
	.TI.bound:dmaSpi1RxAltControlTableEntry: load addr=00007bb0, load size=00000008 bytes, run addr=20001b00, run size=00000010 bytes, compression=zero_init
	.TI.bound:dmaSpi1RxControlTableEntry: load addr=00007bb8, load size=00000008 bytes, run addr=20001900, run size=00000010 bytes, compression=zero_init
	.TI.bound:dmaSpi1TxAltControlTableEntry: load addr=00007bc0, load size=00000008 bytes, run addr=20001b10, run size=00000010 bytes, compression=zero_init
	.TI.bound:dmaSpi1TxControlTableEntry: load addr=00007bc8, load size=00000008 bytes, run addr=20001910, run size=00000010 bytes, compression=zero_init
	.bss: load addr=00007bd0, load size=00000008 bytes, run addr=20005b20, run size=000017c1 bytes, compression=zero_init
	.data:xdcRomConstPtr: load addr=00007bd8, load size=00000008 bytes, run addr=20000100, run size=00000004 bytes, compression=lzss
	.data:xdcRomExternFuncPtr: load addr=00007be0, load size=00000008 bytes, run addr=20000104, run size=00000004 bytes, compression=lzss
	.data:xdcRomStatePtr: load addr=00007be8, load size=00000008 bytes, run addr=20000108, run size=00000004 bytes, compression=lzss


LINKER GENERATED HANDLER TABLE

__TI_handler_table @ 00007b84 records: 3, size/record: 4, table size: 12
	index: 0, handler: __TI_decompress_lzss
	index: 1, handler: __TI_decompress_none
	index: 2, handler: __TI_zero_init


FAR CALL TRAMPOLINES

callee name               trampoline name
   callee addr  tramp addr   call addr  call info
--------------  -----------  ---------  ----------------
ti_sysbios_knl_Swi_destruct  $Tramp$TT$L$PI$$ti_sysbios_knl_Swi_destruct
   1002e8bd     00006a9c     00006a70   dpl_cc13x2.a : SwiP_tirtos.oem4f (.text:SwiP_destruct)
ti_sysbios_family_arm_m3_Hwi_enableInterrupt__E  $Tramp$TT$L$PI$$ti_sysbios_family_arm_m3_Hwi_enableInterrupt__E
   1002d91d     00006aa4     00006a64   dpl_cc13x2.a : HwiP_tirtos.oem4f (.text:HwiP_enableInterrupt)
ti_sysbios_family_arm_m3_Hwi_disableInterrupt__E  $Tramp$TT$L$PI$$ti_sysbios_family_arm_m3_Hwi_disableInterrupt__E
   1002d8d9     00006aac     00006a60   dpl_cc13x2.a : HwiP_tirtos.oem4f (.text:HwiP_disableInterrupt)
ti_sysbios_family_arm_m3_Hwi_disableFxn__E  $Tramp$TT$L$PI$$ti_sysbios_family_arm_m3_Hwi_disableFxn__E
   1002eb55     00006ab4     00006a5c   dpl_cc13x2.a : HwiP_tirtos.oem4f (.text:HwiP_disable)
ti_sysbios_family_arm_m3_Hwi_destruct  $Tramp$TT$L$PI$$ti_sysbios_family_arm_m3_Hwi_destruct
   1002e475     00006abc     00006a58   dpl_cc13x2.a : HwiP_tirtos.oem4f (.text:HwiP_destruct)
ti_sysbios_BIOS_getCpuFreq__E  $Tramp$TT$L$PI$$ti_sysbios_BIOS_getCpuFreq__E
   1002e9fd     00006ac4     00006a44   dpl_cc13x2.a : ClockP_tirtos.oem4f (.text:ClockP_getCpuFreq)
ti_sysbios_knl_Clock_destruct  $Tramp$TT$L$PI$$ti_sysbios_knl_Clock_destruct
   1002e649     00006acc     00006a40   dpl_cc13x2.a : ClockP_tirtos.oem4f (.text:ClockP_destruct)
ti_sysbios_knl_Task_self__E  $Tramp$TT$L$PI$$ti_sysbios_knl_Task_self__E
   1002eaf5     00006ad4     00006952   rom_sysbios.aem4f : rom_sysbios.obj (.text:pthread_self)
ti_sysbios_knl_Semaphore_delete  $Tramp$TT$L$PI$$ti_sysbios_knl_Semaphore_delete
   1002ecdb     00006adc     00006926   dpl_cc13x2.a : SemaphoreP_tirtos.oem4f (.text:SemaphoreP_delete)
ti_sysbios_knl_Clock_logTick__E  $Tramp$TT$L$PI$$ti_sysbios_knl_Clock_logTick__E
   1002dbd7     00006ae4     0000678e   release_pem4f.oem4f (.text:ti_sysbios_knl_Clock_doTick__I)
ti_sysbios_knl_Swi_post__E  $Tramp$TT$L$PI$$ti_sysbios_knl_Swi_post__E
   1002d891     00006aec     00006674   rom_sysbios.aem4f : rom_sysbios.obj (.text:ti_sysbios_knl_Swi_or__E)
                             00006796   release_pem4f.oem4f (.text:ti_sysbios_knl_Clock_doTick__I)
                             00006a7c   dpl_cc13x2.a : SwiP_tirtos.oem4f (.text:SwiP_post)
ti_sysbios_BIOS_RtsGateProxy_leave__E  $Tramp$TT$L$PI$$ti_sysbios_BIOS_RtsGateProxy_leave__E
   1002ec7b     00006af4     00006656   release_pem4f.oem4f (.text:ti_sysbios_BIOS_rtsUnlock__I)
xdc_runtime_System_vsnprintf__E  $Tramp$TT$L$PI$$xdc_runtime_System_vsnprintf__E
   1002f8b9     00006afc     0000657a   dpl_cc13x2.a : SystemP_tirtos.oem4f (.text:SystemP_snprintf)
                             00006a80                : SystemP_tirtos.oem4f (.text:SystemP_vsnprintf)
ti_sysbios_knl_Swi_construct  $Tramp$TT$L$PI$$ti_sysbios_knl_Swi_construct
   1002d719     00006b04     000064d2   rom_sysbios.aem4f : rom_sysbios.obj (.text:ti_sysbios_knl_Swi_construct2__E)
ti_sysbios_knl_Swi_restore__E  $Tramp$TT$L$PI$$ti_sysbios_knl_Swi_restore__E
   1002db61     00006b0c     0000647e   dpl_cc13x2.a : PowerCC26X2_tirtos.oem4f (.text:PowerCC26XX_schedulerRestore)
ti_sysbios_BIOS_RtsGateProxy_enter__E  $Tramp$TT$L$PI$$ti_sysbios_BIOS_RtsGateProxy_enter__E
   1002ec77     00006b14     0000636e   release_pem4f.oem4f (.text:ti_sysbios_BIOS_rtsLock__I)
ti_sysbios_knl_Clock_TimerProxy_getCurrentTick__E  $Tramp$TT$L$PI$$ti_sysbios_knl_Clock_TimerProxy_getCurrentTick__E
   1002eac5     00006b1c     00005fe2   rom_sysbios.aem4f : rom_sysbios.obj (.text:ti_sysbios_knl_Clock_getTicksUntilInterrupt__E)
ti_sysbios_knl_Task_delete  $Tramp$TT$L$PI$$ti_sysbios_knl_Task_delete
   1002ece7     00006b24     00005f8c   rom_sysbios.aem4f : rom_sysbios.obj (.text:_pthread_delete$45)
ti_sysbios_knl_Semaphore_destruct  $Tramp$TT$L$PI$$ti_sysbios_knl_Semaphore_destruct
   1002e6fd     00006b2c     00005f80   rom_sysbios.aem4f : rom_sysbios.obj (.text:_pthread_delete$45)
                             00006a68   dpl_cc13x2.a : SemaphoreP_tirtos.oem4f (.text:SemaphoreP_destruct)
ti_sysbios_knl_Semaphore_create  $Tramp$TT$L$PI$$ti_sysbios_knl_Semaphore_create
   1002dc49     00006b34     00005f6c   dpl_cc13x2.a : SemaphoreP_tirtos.oem4f (.text:SemaphoreP_createBinary)
ti_sysbios_knl_Task_startup__E  $Tramp$TT$L$PI$$ti_sysbios_knl_Task_startup__E
   1002eceb     00006b3c     00005e58   release_pem4f.oem4f (.text:ti_sysbios_BIOS_startFunc__I)
ti_sysbios_knl_Swi_startup__E  $Tramp$TT$L$PI$$ti_sysbios_knl_Swi_startup__E
   1002ec6b     00006b44     00005e54   release_pem4f.oem4f (.text:ti_sysbios_BIOS_startFunc__I)
ti_sysbios_hal_Hwi_startup__E  $Tramp$TT$L$PI$$ti_sysbios_hal_Hwi_startup__E
   1002ec31     00006b4c     00005e50   release_pem4f.oem4f (.text:ti_sysbios_BIOS_startFunc__I)
ti_sysbios_family_arm_cc26xx_Timer_startup__E  $Tramp$TT$L$PI$$ti_sysbios_family_arm_cc26xx_Timer_startup__E
   1002dcf1     00006b54     00005e4c   release_pem4f.oem4f (.text:ti_sysbios_BIOS_startFunc__I)
xdc_runtime_System_atexit__E  $Tramp$TT$L$PI$$xdc_runtime_System_atexit__E
   1002f559     00006b5c     00005e44   release_pem4f.oem4f (.text:ti_sysbios_BIOS_startFunc__I)
ti_sysbios_BIOS_linkedWithIncorrectBootLibrary__E  $Tramp$TT$L$PI$$ti_sysbios_BIOS_linkedWithIncorrectBootLibrary__E
   1002d01b     00006b64     00005e3e   release_pem4f.oem4f (.text:ti_sysbios_BIOS_startFunc__I)
xdc_runtime_Startup_rtsDone__E  $Tramp$TT$L$PI$$xdc_runtime_Startup_rtsDone__E
   1002f8e5     00006b6c     00005e36   release_pem4f.oem4f (.text:ti_sysbios_BIOS_startFunc__I)
ti_sysbios_knl_Swi_disable__E  $Tramp$TT$L$PI$$ti_sysbios_knl_Swi_disable__E
   1002ea25     00006b74     00005e06   release_pem4f.oem4f (.text:ti_sysbios_BIOS_atExitFunc__I)
                             00006466   dpl_cc13x2.a : PowerCC26X2_tirtos.oem4f (.text:PowerCC26XX_schedulerDisable)
ti_sysbios_family_arm_m3_Hwi_construct  $Tramp$TT$L$PI$$ti_sysbios_family_arm_m3_Hwi_construct
   1002d421     00006b7c     00005a32   rom_sysbios.aem4f : rom_sysbios.obj (.text:ti_sysbios_family_arm_m3_Hwi_construct2__E)
ti_sysbios_knl_Task_sleep__E  $Tramp$TT$L$PI$$ti_sysbios_knl_Task_sleep__E
   1002ce01     00006b84     00005a06   rom_sysbios.aem4f : rom_sysbios.obj (.text:sleep)
                             00006720   dpl_cc13x2.a : ClockP_tirtos.oem4f (.text:ClockP_usleep)
ti_sysbios_family_arm_m3_Hwi_Params__init__S  $Tramp$TT$L$PI$$ti_sysbios_family_arm_m3_Hwi_Params__init__S
   1002eb49     00006b8c     00005940   dpl_cc13x2.a : HwiP_tirtos.oem4f (.text:HwiP_construct)
ti_sysbios_knl_Clock_construct  $Tramp$TT$L$PI$$ti_sysbios_knl_Clock_construct
   1002dd8d     00006b94     0000575a   dpl_cc13x2.a : ClockP_tirtos.oem4f (.text:ClockP_construct)
ti_sysbios_knl_Clock_Params__init__S  $Tramp$TT$L$PI$$ti_sysbios_knl_Clock_Params__init__S
   1002eb9d     00006b9c     00005740   dpl_cc13x2.a : ClockP_tirtos.oem4f (.text:ClockP_construct)
ti_sysbios_knl_Swi_Params__init__S  $Tramp$TT$L$PI$$ti_sysbios_knl_Swi_Params__init__S
   1002ebf1     00006ba4     000050ce   dpl_cc13x2.a : SwiP_tirtos.oem4f (.text:SwiP_construct)
ti_sysbios_heaps_HeapMem_Module_GateProxy_leave__E  $Tramp$TT$L$PI$$ti_sysbios_heaps_HeapMem_Module_GateProxy_leave__E
   1002ecaf     00006bac     0000501e   rom_sysbios.aem4f : rom_sysbios.obj (.text:ti_sysbios_heaps_HeapMem_alloc__E)
ti_sysbios_heaps_HeapMem_Module_GateProxy_enter__E  $Tramp$TT$L$PI$$ti_sysbios_heaps_HeapMem_Module_GateProxy_enter__E
   1002ecab     00006bb4     00005008   rom_sysbios.aem4f : rom_sysbios.obj (.text:ti_sysbios_heaps_HeapMem_alloc__E)
xdc_runtime_System_exit__E  $Tramp$TT$L$PI$$xdc_runtime_System_exit__E
   1002f7b1     00006bbc     00004f88   boot.aem4f : boot.oem4f (.text)
[...]
1002eb3d  xdc_runtime_Timestamp_SupportProxy_getFreq__E                      
1002eb3d  xdc_runtime_Timestamp_getFreq__E                                   
1002eb3d  xdc_runtime_Timestamp_getFreq__E                                   
1002eb49  ti_sysbios_family_arm_m3_Hwi_Params__init__S                       
1002eb49  ti_sysbios_hal_Hwi_HwiProxy_Params__init__S                        
1002eb55  ti_sysbios_family_arm_m3_Hwi_disableFxn__E                         
1002eb61  ti_sysbios_family_arm_m3_Hwi_enableFxn__E                          
1002eb6d  ti_sysbios_gates_GateHwi_enter__E                                  
1002eb79  ti_sysbios_BIOS_RtsGateProxy_Params__init__S                       
1002eb79  ti_sysbios_gates_GateMutex_Params__init__S                         
1002eb79  ti_sysbios_heaps_HeapMem_Module_GateProxy_Params__init__S          
1002eb85  ti_sysbios_heaps_HeapTrack_Params__init__S                         
1002eb91  ti_sysbios_heaps_HeapTrack_isBlocking__E                           
1002eb9d  ti_sysbios_knl_Clock_Params__init__S                               
1002eba9  ti_sysbios_knl_Clock_getTimerHandle__E                             
1002ebb5  ti_sysbios_knl_Event_Params__init__S                               
1002ebc1  ti_sysbios_knl_Mailbox_Params__init__S                             
1002ebcd  ti_sysbios_knl_Queue_dequeue__E                                    
1002ebd9  ti_sysbios_knl_Queue_enqueue__E                                    
1002ebe5  ti_sysbios_knl_Semaphore_Params__init__S                           
1002ebf1  ti_sysbios_knl_Swi_Params__init__S                                 
1002ebfd  ti_sysbios_knl_Swi_self__E                                         
1002ec09  ti_sysbios_knl_Task_Params__init__S                                
1002ec15  ti_sysbios_hal_Hwi_Instance_finalize__E                            
1002ec1f  ti_sysbios_knl_Event_Instance_init__E                              
1002ec29  ti_sysbios_family_arm_m3_Hwi_doSwiRestore__I                       
1002ec31  ti_sysbios_family_arm_m3_Hwi_startup__E                            
1002ec31  ti_sysbios_hal_Hwi_HwiProxy_startup__E                             
1002ec31  ti_sysbios_hal_Hwi_HwiProxy_startup__E                             
1002ec31  ti_sysbios_hal_Hwi_startup__E                                      
1002ec31  ti_sysbios_hal_Hwi_startup__E                                      
1002ec39  ti_sysbios_knl_Idle_loop__E                                        
1002ec41  ti_sysbios_family_arm_m3_Hwi_doTaskRestore__I                      
1002ec47  HwiP_restore                                                       
1002ec47  ti_sysbios_family_arm_m3_Hwi_restoreFxn__E                         
1002ec4d  ti_sysbios_gates_GateHwi_leave__E                                  
1002ec53  ti_sysbios_gates_GateMutex_Instance_finalize__E                    
1002ec59  ti_sysbios_heaps_HeapMem_isBlocking__E                             
1002ec5f  ti_sysbios_knl_Queue_Instance_init__E                              
1002ec65  ti_sysbios_knl_Queue_elemClear__E                                  
1002ec6b  ti_sysbios_knl_Swi_startup__E                                      
1002ec71  ti_sysbios_knl_Task_enable__E                                      
1002ec77  ti_sysbios_BIOS_RtsGateProxy_enter__E                              
1002ec7b  ti_sysbios_BIOS_RtsGateProxy_leave__E                              
1002ec7f  ti_sysbios_family_arm_cc26xx_Timer_getExpiredTicks__E              
1002ec83  ti_sysbios_family_arm_cc26xx_Timer_getPeriod__E                    
1002ec87  ti_sysbios_family_arm_cc26xx_Timer_setPeriod__E                    
1002ec8b  ti_sysbios_family_arm_m3_Hwi_delete                                
1002ec8f  ti_sysbios_family_arm_m3_TaskSupport_Module__startupDone__S        
1002ec8f  ti_sysbios_knl_Task_SupportProxy_Module__startupDone__S            
1002ec93  ti_sysbios_gates_GateHwi_query__E                                  
1002ec93  xdc_runtime_Main_Module_GateProxy_query__E                         
1002ec93  xdc_runtime_System_Module_GateProxy_query__E                       
1002ec93  xdc_runtime_System_Module_GateProxy_query__E                       
1002ec97  ti_sysbios_gates_GateMutex_delete                                  
1002ec9b  ti_sysbios_BIOS_RtsGateProxy_query__E                              
1002ec9b  ti_sysbios_BIOS_RtsGateProxy_query__E                              
1002ec9b  ti_sysbios_gates_GateMutex_query__E                                
1002ec9b  ti_sysbios_heaps_HeapMem_Module_GateProxy_query__E                 
1002ec9b  ti_sysbios_heaps_HeapMem_Module_GateProxy_query__E                 
1002ec9f  ti_sysbios_hal_Hwi_HwiProxy_create                                 
1002eca3  ti_sysbios_hal_Hwi_HwiProxy_delete                                 
1002eca7  ti_sysbios_hal_Hwi_delete                                          
1002ecab  ti_sysbios_heaps_HeapMem_Module_GateProxy_enter__E                 
1002ecaf  ti_sysbios_heaps_HeapMem_Module_GateProxy_leave__E                 
1002ecb3  ti_sysbios_knl_Clock_TimerProxy_getExpiredTicks__E                 
1002ecb7  ti_sysbios_knl_Clock_TimerProxy_getPeriod__E                       
1002ecbb  ti_sysbios_knl_Clock_delete                                        
1002ecbf  ti_sysbios_knl_Clock_removeI__E                                    
1002ecc3  ti_sysbios_knl_Clock_setTimeout__E                                 
1002ecc7  ti_sysbios_knl_Event_delete                                        
1002eccb  ti_sysbios_knl_Mailbox_delete                                      
1002eccf  ti_sysbios_knl_Queue_delete                                        
1002ecd3  ti_sysbios_knl_Queue_head__E                                       
1002ecd7  ti_sysbios_knl_Queue_next__E                                       
1002ecdb  ti_sysbios_knl_Semaphore_delete                                    
1002ecdf  ti_sysbios_knl_Swi_delete                                          
1002ece3  ti_sysbios_knl_Swi_postInit__I                                     
1002ece7  ti_sysbios_knl_Task_delete                                         
1002eceb  ti_sysbios_knl_Task_startup__E                                     
1002ecf1  xdc_runtime_System_doPrint__I                                      
1002f055  xdc_runtime_Startup_startMods__I                                   
1002f15d  xdc_runtime_Text_putSite__E                                        
1002f1f7  xdc_runtime_Error_policySpin__E                                    
1002f1f9  xdc_runtime_Text_putMod__E                                         
1002f289  xdc_runtime_Memory_alloc__E                                        
1002f2f9  xdc_runtime_Core_createObject__I                                   
1002f367  xdc_runtime_Core_deleteObject__I                                   
1002f3c5  xdc_runtime_Text_putLab__E                                         
1002f421  xdc_runtime_Assert_raise__I                                        
1002f475  xdc_runtime_Startup_exec__E                                        
1002f4c9  xdc_runtime_Core_assignParams__I                                   
1002f511  xdc_runtime_Core_constructObject__I                                
1002f559  xdc_runtime_System_atexit__E                                       
1002f5a1  xdc_runtime_Text_xprintf__I                                        
1002f5e5  xdc_runtime_System_processAtExit__E                                
1002f625  xdc_runtime_System_putchar__I                                      
1002f659  xdc_runtime_Core_assignLabel__I                                    
1002f689  xdc_runtime_Text_printVisFxn__I                                    
1002f6b9  xdc_runtime_System_vprintf__E                                      
1002f6e5  xdc_runtime_Text_cordText__E                                       
1002f711  xdc_runtime_System_abort__E                                        
1002f739  xdc_runtime_Error_raiseX__E                                        
1002f759  xdc_runtime_Registry_findById__E                                   
1002f779  xdc_runtime_Error_check__E                                         
1002f795  xdc_runtime_Memory_valloc__E                                       
1002f7b1  xdc_runtime_System_exit__E                                         
1002f7cd  xdc_runtime_Text_ropeText__E                                       
1002f7e9  xdc_runtime_System_printf__E                                       
1002f803  xdc_runtime_Core_destructObject__I                                 
1002f81b  xdc_runtime_System_abortSpin__E                                    
1002f81d  xdc_runtime_Memory_free__E                                         
1002f831  xdc_runtime_Memory_getStats__E                                     
1002f845  xdc_runtime_SysCallback_abort__E                                   
1002f845  xdc_runtime_System_SupportProxy_abort__E                           
1002f859  xdc_runtime_SysCallback_exit__E                                    
1002f859  xdc_runtime_System_SupportProxy_exit__E                            
1002f86d  xdc_runtime_SysCallback_flush__E                                   
1002f86d  xdc_runtime_System_SupportProxy_flush__E                           
1002f86d  xdc_runtime_System_flush__E                                        
1002f881  xdc_runtime_SysCallback_putch__E                                   
1002f881  xdc_runtime_System_SupportProxy_putch__E                           
1002f895  xdc_runtime_SysCallback_ready__E                                   
1002f895  xdc_runtime_System_SupportProxy_ready__E                           
1002f8a9  xdc_runtime_Memory_getMaxDefaultTypeAlign__E                       
1002f8b9  xdc_runtime_System_vsnprintf__E                                    
1002f8c9  xdc_runtime_Timestamp_SupportProxy_get32__E                        
1002f8c9  xdc_runtime_Timestamp_SupportProxy_get32__E                        
1002f8c9  xdc_runtime_Timestamp_get32__E                                     
1002f8c9  xdc_runtime_Timestamp_get32__E                                     
1002f8d9  xdc_runtime_Memory_calloc__E                                       
1002f8e5  xdc_runtime_Startup_rtsDone__E                                     
1002f8f1  xdc_runtime_Memory_HeapProxy_alloc__E                              
1002f8fb  xdc_runtime_Memory_HeapProxy_free__E                               
1002f905  xdc_runtime_Memory_HeapProxy_getStats__E                           
1002f90f  xdc_runtime_Gate_leaveSystem__E                                    
1002f915  xdc_runtime_System_Module_startup__E                               
1002f91b  xdc_runtime_Gate_enterSystem__E                                    
1002f91f  xdc_runtime_SysCallback_Module__startupDone__S                     
1002f91f  xdc_runtime_System_SupportProxy_Module__startupDone__S             
1002f923  xdc_runtime_System_Module_GateProxy_enter__E                       
1002f927  xdc_runtime_System_Module_GateProxy_leave__E                       
1002f92b  xdc_runtime_System_printf_va__F                                    
1002f92f  xdc_runtime_System_exitSpin__E                                     
1002f931  ti_sysbios_family_arm_m3_Hwi_dispatch__I                           
1002fa11  ti_sysbios_family_arm_m3_Hwi_interruptsAreDisabledButShouldNotBe   
1002fa2d  ti_sysbios_family_arm_m3_TaskSupport_buildTaskStack                
1002fab9  ti_sysbios_family_arm_m3_Hwi_initStacks__E                         
1002fb11  ti_sysbios_family_arm_m3_Hwi_pendSV__I                             
1002fb35  ti_sysbios_family_arm_m3_Hwi_return                                
1002fb39  ti_sysbios_family_arm_m3_Hwi_excHandlerAsm__I                      
1002fb59  ti_sysbios_family_xxx_Hwi_switchAndRunFunc                         
1002fb77  ti_sysbios_family_arm_m3_TaskSupport_swap__E                       
1002fb77  ti_sysbios_knl_Task_SupportProxy_swap__E                           
1002fb77  ti_sysbios_knl_Task_SupportProxy_swap__E                           
1002fb83  ti_sysbios_knl_Task_swapReturn                                     
1002fb8f  ti_sysbios_family_arm_m3_TaskSupport_glue                          
1002fba0  ti_sysbios_knl_Task_Object__PARAMS__C                              
1002fbdc  ti_sysbios_knl_Mailbox_Object__PARAMS__C                           
1002fc10  ti_sysbios_family_arm_m3_Hwi_Object__PARAMS__C                     
1002fc40  ti_sysbios_hal_Hwi_Object__PARAMS__C                               
1002fc6c  ti_sysbios_knl_Swi_Object__PARAMS__C                               
1002fc94  ti_sysbios_heaps_HeapMem_Object__PARAMS__C                         
1002fcb8  ti_sysbios_knl_Clock_Object__PARAMS__C                             
1002fcdc  ti_sysbios_knl_Semaphore_Object__PARAMS__C                         
1002fd00  ti_sysbios_gates_GateHwi_Object__PARAMS__C                         
1002fd18  ti_sysbios_gates_GateMutex_Object__PARAMS__C                       
1002fd30  ti_sysbios_knl_Event_Object__PARAMS__C                             
1002fd48  ti_sysbios_knl_Queue_Object__PARAMS__C                             
1002fd80  ti_sysbios_heaps_HeapTrack_Object__PARAMS__C                       
1002fd9c  ti_sysbios_heaps_HeapTrack_Instance_State_trackQueue__O            
1002fda0  ti_sysbios_heaps_HeapTrack_Module__diagsEnabled__C                 
1002fda4  ti_sysbios_heaps_HeapTrack_Module__diagsIncluded__C                
1002fda8  ti_sysbios_heaps_HeapTrack_Module__diagsMask__C                    
1002fddb  strlen                                                             
20000000  __start___llvm_prf_cnts                                            
20000000  __stop___llvm_prf_cnts                                             
20000000  ti_sysbios_family_arm_m3_Hwi_ramVectors                            
20000100  xdcRomConstPtr                                                     
20000104  xdcRomExternFuncPtr                                                
20000108  xdcRomStatePtr                                                     
20000110  PowerCC26X2_module                                                 
20000280  ROM_stateStruct                                                    
20000280  ti_sysbios_knl_Clock_Module__state__V                              
200002ac  ti_sysbios_family_arm_cc26xx_TimestampProvider_Module__state__V    
200002b0  xdc_runtime_Startup_Module__state__V                               
200002b8  xdc_runtime_Registry_Module__state__V                              
200002c0  ti_sysbios_BIOS_Module__state__V                                   
200002e4  ti_sysbios_knl_Swi_Module__state__V                                
20000300  ti_sysbios_knl_Task_Module__state__V                               
20000344  xdc_runtime_Memory_Module__state__V                                
20000348  xdc_runtime_System_Module__state__V                                
20000350  ti_sysbios_family_arm_m3_Hwi_Module__state__V                      
20000384  ti_sysbios_family_arm_cc26xx_Timer_Module__state__V                
20000414  ti_sysbios_gates_GateMutex_Object__table__V                        
20000468  ti_sysbios_knl_Task_Object__table__V                               
200004b8  ti_sysbios_family_arm_cc26xx_Timer_Object__table__V                
20000500  ti_sysbios_knl_Swi_Module_State_0_readyQ__A                        
20000530  ti_sysbios_knl_Swi_Object__table__V                                
20000560  ti_sysbios_knl_Task_Module_State_0_readyQ__A                       
20000590  _hposcCoeffs                                                       
200005b4  ti_sysbios_knl_Clock_Object__table__V                              
200005d4  xdc_runtime_Error_IgnoreBlock                                      
200005f4  ti_sysbios_family_arm_m3_Hwi_Object__table__V                      
2000060c  ti_sysbios_heaps_HeapMem_Object__table__V                          
20000624  gpioCallbackFunctions                                              
20000634  gpioPinConfigs                                                     
20000644  _lock                                                              
20000648  _unlock                                                            
2000064c  pinUpperBound                                                      
20000650  pinLowerBound                                                      
20000654  imgPalette                                                         
2000065c  ti_sysbios_family_arm_m3_Hwi_Module__root__V                       
20000664  ti_sysbios_gates_GateHwi_Module__root__V                           
2000066c  ti_sysbios_gates_GateMutex_Module__root__V                         
20000674  ti_sysbios_hal_Hwi_Module__root__V                                 
2000067c  ti_sysbios_heaps_HeapMem_Module__root__V                           
20000684  ti_sysbios_knl_Clock_Module__root__V                               
2000068c  ti_sysbios_knl_Event_Module__root__V                               
20000694  ti_sysbios_knl_Mailbox_Module__root__V                             
2000069c  ti_sysbios_knl_Queue_Module__root__V                               
200006a4  ti_sysbios_knl_Semaphore_Module__root__V                           
200006ac  ti_sysbios_knl_Swi_Module__root__V                                 
200006b4  ti_sysbios_knl_Task_Module__root__V                                
200006bc  xdc_runtime_System_Module_State_0_atexitHandlers__A                
200006cc  main_func_sp                                                       
200006d0  ti_sysbios_family_arm_m3_Hwi_Module_State_0_excContext__A          
200006d4  ti_sysbios_family_arm_m3_Hwi_Module_State_0_excStack__A            
200006d8  ti_sysbios_knl_Task_Module_State_0_idleTask__A                     
200006dc  ti_sysbios_family_arm_m3_Hwi_Module_State_0_excActive__A           
20001b20  __primary_heap_start__                                             
20005b20  __primary_heap_end__                                               
20006b20  ti_sysbios_knl_Task_Instance_State_0_stack__A                      
20006d20  uartCC26XXObjects                                                  
20006ed4  spiCC26X2DMAObjects                                                
20006fdc  ti_sysbios_family_arm_m3_Hwi_dispatchTable                         
200070b4  pinHandleTable                                                     
20007180  displayLcdObject                                                   
20007258  udmaCC26XXObject                                                   
200072b8  displayUartObject                                                  
200072d8  PowerCC26XX_swiKey                                                 
200072dc  PowerCC26XX_taskKey                                                
200072e0  driverlib_release_0_59848                                          
20013c00  __stack                                                            
20014000  __STACK_END                                                        
e000e000  ti_sysbios_family_arm_m3_Hwi_nvic                                  
ffffffff  __TI_pprof_out_hndl                                                
ffffffff  __TI_prof_data_size                                                
ffffffff  __TI_prof_data_start                                               
ffffffff  __binit__                                                          
ffffffff  __c_args__                                                         
ffffffff  binit                                                              
UNDEFED   ITM_flush                                                          
UNDEFED   ITM_restore                                                        
UNDEFED   SHT$$INIT_ARRAY$$Base                                              
UNDEFED   SHT$$INIT_ARRAY$$Limit                                             

[946 symbols]
